<html>
<body>
<pre>
<h1>礦ision Build Log</h1>
<h2>Tool Versions:</h2>
IDE-Version: μVision V5.23.0.0
Copyright (C) 2017 ARM Ltd and ARM Germany GmbH. All rights reserved.
License Information: 111 111, 111, LIC=PE72Z-J8A4G-G79R6-DKBDH-WZZPT-RTW3D
 
Tool Versions:
Toolchain:       MDK-ARM Plus  Version: 5.23
Toolchain Path:  C:\Keil5\ARM\ARMCC\Bin
C Compiler:      Armcc.exe V5.06 update 4 (build 422)
Assembler:       Armasm.exe V5.06 update 4 (build 422)
Linker/Locator:  ArmLink.exe V5.06 update 4 (build 422)
Library Manager: ArmAr.exe V5.06 update 4 (build 422)
Hex Converter:   FromElf.exe V5.06 update 4 (build 422)
CPU DLL:         SARMCM3.DLL V5.23
Dialog DLL:      DCM.DLL V1.15.0.0
Target DLL:      Segger\JL2CM3.dll V2.99.23.0
Dialog DLL:      TCM.DLL V1.27.0.0
 
<h2>Project:</h2>
C:\Ownfolder\STM32 VP采集\7英寸显示汉字-AD转换好用-修改界面画好-触摸屏可以输入-坐标系画好 - 新ok - 参数修改ing\USER\HZ.uvprojx
Project File Date:  04/01/2019

<h2>Output:</h2>
*** Using Compiler 'V5.06 update 4 (build 422)', folder: 'C:\Keil5\ARM\ARMCC\Bin'
Rebuild target 'Target 1'
compiling led.c...
compiling key.c...
compiling stm32f10x_it.c...
compiling spi.c...
compiling system_stm32f10x.c...
compiling main.c...
compiling lcd.c...
compiling 24cxx.c...
compiling flash.c...
compiling myiic.c...
compiling MMC_SD.C...
compiling ctiic.c...
compiling ft5206.c...
compiling adc.c...
compiling gt9147.c...
compiling ott2001a.c...
compiling delay.c...
compiling touch.c...
assembling startup_stm32f10x_hd.s...
compiling usart.c...
compiling sys.c...
compiling stm32f10x_gpio.c...
compiling stm32f10x_rcc.c...
compiling core_cm3.c...
compiling stm32f10x_usart.c...
compiling misc.c...
compiling stm32f10x_spi.c...
compiling stm32f10x_tim.c...
compiling malloc.c...
compiling stm32f10x_adc.c...
compiling usmart_config.c...
compiling usmart.c...
compiling usmart_str.c...
compiling exfuns.c...
compiling diskio.c...
compiling fattester.c...
compiling mycc936.c...
compiling fontupd.c...
compiling ff.c...
compiling text.c...
linking...
Program Size: Code=61474 RO-data=8762 RW-data=1012 ZI-data=40052  
FromELF: creating hex file...
"..\OBJ\HZ.axf" - 0 Error(s), 0 Warning(s).

<h2>Collection of Component include folders:</h2>
  .\RTE\_Target_1
  C:\Keil5\ARM\PACK\Keil\STM32F1xx_DFP\1.1.0\Device\Include

<h2>Collection of Component Files used:</h2>
Build Time Elapsed:  00:00:07
</pre>
</body>
</html>
