Component: ARM Compiler 5.06 update 4 (build 422) Tool: armlink [4d35d2]

==============================================================================

Section Cross References

    main.o(.text) refers to lcd.o(.text) for LCD_Clear
    main.o(.text) refers to text.o(.text) for Show_Str
    main.o(.text) refers to lcd.o(.data) for POINT_COLOR
    main.o(.text) refers to main.o(.data) for P_min
    main.o(.text) refers to touch.o(.data) for tp_dev
    main.o(.text) refers to misc.o(.text) for NVIC_PriorityGroupConfig
    main.o(.text) refers to delay.o(.text) for delay_init
    main.o(.text) refers to usart.o(.text) for uart_init
    main.o(.text) refers to led.o(.text) for LED_Init
    main.o(.text) refers to key.o(.text) for KEY_Init
    main.o(.text) refers to malloc.o(.text) for mem_init
    main.o(.text) refers to exfuns.o(.text) for exfuns_init
    main.o(.text) refers to ff.o(.text) for f_mount
    main.o(.text) refers to fontupd.o(.text) for font_init
    main.o(.text) refers to adc.o(.text) for Adc_Init
    main.o(.text) refers to usmart_config.o(.data) for usmart_dev
    main.o(.text) refers to exfuns.o(.data) for fs
    system_stm32f10x.o(.text) refers to system_stm32f10x.o(.data) for SystemCoreClock
    led.o(.text) refers to stm32f10x_rcc.o(.text) for RCC_APB2PeriphClockCmd
    led.o(.text) refers to stm32f10x_gpio.o(.text) for GPIO_Init
    lcd.o(.text) refers to _printf_percent.o(.ARM.Collect$$_printf_percent$$00000000) for _printf_percent
    lcd.o(.text) refers to _printf_x.o(.ARM.Collect$$_printf_percent$$0000000C) for _printf_x
    lcd.o(.text) refers to _printf_hex_int.o(.text) for _printf_longlong_hex
    lcd.o(.text) refers to delay.o(.text) for delay_us
    lcd.o(.text) refers to lcd.o(.bss) for lcddev
    lcd.o(.text) refers to dflt_clz.o(x$fpl$dfltu) for __aeabi_ui2d
    lcd.o(.text) refers to dmul.o(x$fpl$dmul) for __aeabi_dmul
    lcd.o(.text) refers to dfixu.o(x$fpl$dfixu) for __aeabi_d2uiz
    lcd.o(.text) refers to lcd.o(.data) for POINT_COLOR
    lcd.o(.text) refers to stm32f10x_rcc.o(.text) for RCC_APB2PeriphClockCmd
    lcd.o(.text) refers to stm32f10x_gpio.o(.text) for GPIO_PinRemapConfig
    lcd.o(.text) refers to noretval__2printf.o(.text) for __2printf
    lcd.o(.text) refers to lcd.o(.constdata) for asc2_1206
    key.o(.text) refers to stm32f10x_rcc.o(.text) for RCC_APB2PeriphClockCmd
    key.o(.text) refers to stm32f10x_gpio.o(.text) for GPIO_PinRemapConfig
    key.o(.text) refers to delay.o(.text) for delay_ms
    key.o(.text) refers to key.o(.data) for key_up
    spi.o(.text) refers to stm32f10x_spi.o(.text) for SPI_I2S_GetFlagStatus
    spi.o(.text) refers to stm32f10x_rcc.o(.text) for RCC_APB2PeriphClockCmd
    spi.o(.text) refers to stm32f10x_gpio.o(.text) for GPIO_Init
    spi.o(.text) refers to spi.o(.bss) for SPI_InitStructure
    flash.o(.text) refers to spi.o(.text) for SPI1_ReadWriteByte
    flash.o(.text) refers to stm32f10x_rcc.o(.text) for RCC_APB2PeriphClockCmd
    flash.o(.text) refers to stm32f10x_gpio.o(.text) for GPIO_Init
    flash.o(.text) refers to malloc.o(.text) for mymalloc
    flash.o(.text) refers to delay.o(.text) for delay_us
    flash.o(.text) refers to flash.o(.data) for SPI_FLASH_TYPE
    mmc_sd.o(.text) refers to spi.o(.text) for SPI1_ReadWriteByte
    mmc_sd.o(.text) refers to stm32f10x_rcc.o(.text) for RCC_APB2PeriphClockCmd
    mmc_sd.o(.text) refers to stm32f10x_gpio.o(.text) for GPIO_Init
    mmc_sd.o(.text) refers to mmc_sd.o(.data) for SD_Type
    24cxx.o(.text) refers to myiic.o(.text) for IIC_Init
    24cxx.o(.text) refers to delay.o(.text) for delay_ms
    myiic.o(.text) refers to stm32f10x_rcc.o(.text) for RCC_APB2PeriphClockCmd
    myiic.o(.text) refers to stm32f10x_gpio.o(.text) for GPIO_Init
    myiic.o(.text) refers to delay.o(.text) for delay_us
    ctiic.o(.text) refers to delay.o(.text) for delay_us
    ft5206.o(.text) refers to _printf_percent.o(.ARM.Collect$$_printf_percent$$00000000) for _printf_percent
    ft5206.o(.text) refers to _printf_x.o(.ARM.Collect$$_printf_percent$$0000000C) for _printf_x
    ft5206.o(.text) refers to _printf_hex_int.o(.text) for _printf_longlong_hex
    ft5206.o(.text) refers to ctiic.o(.text) for CT_IIC_Start
    ft5206.o(.text) refers to stm32f10x_rcc.o(.text) for RCC_APB2PeriphClockCmd
    ft5206.o(.text) refers to stm32f10x_gpio.o(.text) for GPIO_Init
    ft5206.o(.text) refers to delay.o(.text) for delay_ms
    ft5206.o(.text) refers to noretval__2printf.o(.text) for __2printf
    ft5206.o(.text) refers to ft5206.o(.data) for t
    ft5206.o(.text) refers to touch.o(.data) for tp_dev
    ft5206.o(.text) refers to ft5206.o(.constdata) for FT5206_TPX_TBL
    gt9147.o(.text) refers to _printf_percent.o(.ARM.Collect$$_printf_percent$$00000000) for _printf_percent
    gt9147.o(.text) refers to _printf_s.o(.ARM.Collect$$_printf_percent$$00000014) for _printf_s
    gt9147.o(.text) refers to _printf_str.o(.text) for _printf_str
[...]
    main                                     0x080010ab   Thumb Code   274  main.o(.text)
    NMI_Handler                              0x08001235   Thumb Code     2  stm32f10x_it.o(.text)
    HardFault_Handler                        0x08001237   Thumb Code     4  stm32f10x_it.o(.text)
    MemManage_Handler                        0x0800123b   Thumb Code     4  stm32f10x_it.o(.text)
    BusFault_Handler                         0x0800123f   Thumb Code     4  stm32f10x_it.o(.text)
    UsageFault_Handler                       0x08001243   Thumb Code     4  stm32f10x_it.o(.text)
    SVC_Handler                              0x08001247   Thumb Code     2  stm32f10x_it.o(.text)
    DebugMon_Handler                         0x08001249   Thumb Code     2  stm32f10x_it.o(.text)
    PendSV_Handler                           0x0800124b   Thumb Code     2  stm32f10x_it.o(.text)
    SysTick_Handler                          0x0800124d   Thumb Code     2  stm32f10x_it.o(.text)
    SystemInit                               0x0800132f   Thumb Code    78  system_stm32f10x.o(.text)
    SystemCoreClockUpdate                    0x0800137d   Thumb Code   142  system_stm32f10x.o(.text)
    LED_Init                                 0x08001431   Thumb Code    72  led.o(.text)
    LCD_WR_REG                               0x08001481   Thumb Code    28  lcd.o(.text)
    LCD_WR_DATAX                             0x0800149d   Thumb Code    28  lcd.o(.text)
    LCD_RD_DATA                              0x080014b9   Thumb Code    98  lcd.o(.text)
    LCD_WriteReg                             0x0800151b   Thumb Code    40  lcd.o(.text)
    LCD_ReadReg                              0x08001543   Thumb Code    16  lcd.o(.text)
    LCD_WriteRAM_Prepare                     0x08001553   Thumb Code    12  lcd.o(.text)
    LCD_WriteRAM                             0x0800155f   Thumb Code    28  lcd.o(.text)
    LCD_BGR2RGB                              0x0800157b   Thumb Code    26  lcd.o(.text)
    opt_delay                                0x08001595   Thumb Code    14  lcd.o(.text)
    LCD_SetCursor                            0x080015a3   Thumb Code   956  lcd.o(.text)
    LCD_ReadPoint                            0x0800195f   Thumb Code   506  lcd.o(.text)
    LCD_DisplayOn                            0x08001b59   Thumb Code    92  lcd.o(.text)
    LCD_DisplayOff                           0x08001bb5   Thumb Code    90  lcd.o(.text)
    LCD_Scan_Dir                             0x08001c0f   Thumb Code  1126  lcd.o(.text)
    LCD_DrawPoint                            0x08002075   Thumb Code    52  lcd.o(.text)
    LCD_Fast_DrawPoint                       0x080020a9   Thumb Code   854  lcd.o(.text)
    LCD_SSD_BackLightSet                     0x080023ff   Thumb Code   220  lcd.o(.text)
    LCD_Display_Dir                          0x080024db   Thumb Code   444  lcd.o(.text)
    LCD_Set_Window                           0x08002697   Thumb Code  1078  lcd.o(.text)
    LCD_Clear                                0x08002acd   Thumb Code   122  lcd.o(.text)
    LCD_Init                                 0x08002b47   Thumb Code  1842  lcd.o(.text)
    LCD_Fill                                 0x08003279   Thumb Code   200  lcd.o(.text)
    LCD_Color_Fill                           0x08003341   Thumb Code   116  lcd.o(.text)
    LCD_DrawLine                             0x080033b5   Thumb Code   176  lcd.o(.text)
    LCD_DrawRectangle                        0x08003465   Thumb Code    60  lcd.o(.text)
    LCD_Draw_Circle                          0x080034a1   Thumb Code   170  lcd.o(.text)
    LCD_ShowChar                             0x0800354b   Thumb Code   272  lcd.o(.text)
    LCD_Pow                                  0x0800365b   Thumb Code    22  lcd.o(.text)
    LCD_ShowNum                              0x08003671   Thumb Code   148  lcd.o(.text)
    LCD_ShowxNum                             0x08003705   Thumb Code   190  lcd.o(.text)
    LCD_ShowString                           0x080037c3   Thumb Code   102  lcd.o(.text)
    KEY_Init                                 0x08003841   Thumb Code    82  key.o(.text)
    KEY_Scan                                 0x08003893   Thumb Code   154  key.o(.text)
    SPI1_ReadWriteByte                       0x0800393d   Thumb Code    78  spi.o(.text)
    SPI1_Init                                0x0800398b   Thumb Code   108  spi.o(.text)
    SPI1_SetSpeed                            0x080039f7   Thumb Code    34  spi.o(.text)
    SPI_Flash_ReadID                         0x08003a25   Thumb Code    64  flash.o(.text)
    SPI_Flash_Init                           0x08003a65   Thumb Code    64  flash.o(.text)
    SPI_Flash_ReadSR                         0x08003aa5   Thumb Code    36  flash.o(.text)
    SPI_FLASH_Write_SR                       0x08003ac9   Thumb Code    32  flash.o(.text)
    SPI_FLASH_Write_Enable                   0x08003ae9   Thumb Code    24  flash.o(.text)
    SPI_FLASH_Write_Disable                  0x08003b01   Thumb Code    24  flash.o(.text)
    SPI_Flash_Read                           0x08003b19   Thumb Code    74  flash.o(.text)
    SPI_Flash_Wait_Busy                      0x08003b63   Thumb Code    18  flash.o(.text)
    SPI_Flash_Write_Page                     0x08003b75   Thumb Code    80  flash.o(.text)
    SPI_Flash_Write_NoCheck                  0x08003bc5   Thumb Code    70  flash.o(.text)
    SPI_Flash_Erase_Sector                   0x08003c0b   Thumb Code    62  flash.o(.text)
    SPI_Flash_Write                          0x08003c49   Thumb Code   196  flash.o(.text)
    SPI_Flash_Erase_Chip                     0x08003d0d   Thumb Code    36  flash.o(.text)
    SPI_Flash_PowerDown                      0x08003d31   Thumb Code    30  flash.o(.text)
    SPI_Flash_WAKEUP                         0x08003d4f   Thumb Code    30  flash.o(.text)
    SD_SPI_ReadWriteByte                     0x08003d7d   Thumb Code    12  mmc_sd.o(.text)
    SD_SPI_SpeedLow                          0x08003d89   Thumb Code    10  mmc_sd.o(.text)
    SD_SPI_SpeedHigh                         0x08003d93   Thumb Code    10  mmc_sd.o(.text)
    SD_SPI_Init                              0x08003d9d   Thumb Code    56  mmc_sd.o(.text)
    SD_DisSelect                             0x08003dd5   Thumb Code    16  mmc_sd.o(.text)
    SD_WaitReady                             0x08003de5   Thumb Code    34  mmc_sd.o(.text)
    SD_Select                                0x08003e07   Thumb Code    26  mmc_sd.o(.text)
    SD_GetResponse                           0x08003e21   Thumb Code    38  mmc_sd.o(.text)
    SD_RecvData                              0x08003e47   Thumb Code    56  mmc_sd.o(.text)
    SD_SendBlock                             0x08003e7f   Thumb Code    82  mmc_sd.o(.text)
    SD_SendCmd                               0x08003ed1   Thumb Code   120  mmc_sd.o(.text)
    SD_GetCID                                0x08003f49   Thumb Code    42  mmc_sd.o(.text)
    SD_GetCSD                                0x08003f73   Thumb Code    42  mmc_sd.o(.text)
    SD_GetSectorCount                        0x08003f9d   Thumb Code   118  mmc_sd.o(.text)
    SD_Initialize                            0x08004013   Thumb Code   398  mmc_sd.o(.text)
    SD_ReadDisk                              0x080041a1   Thumb Code   112  mmc_sd.o(.text)
    SD_WriteDisk                             0x08004211   Thumb Code   140  mmc_sd.o(.text)
    AT24CXX_Init                             0x080042a1   Thumb Code     8  24cxx.o(.text)
    AT24CXX_ReadOneByte                      0x080042a9   Thumb Code    88  24cxx.o(.text)
    AT24CXX_WriteOneByte                     0x08004301   Thumb Code    80  24cxx.o(.text)
    AT24CXX_WriteLenByte                     0x08004351   Thumb Code    42  24cxx.o(.text)
    AT24CXX_ReadLenByte                      0x0800437b   Thumb Code    44  24cxx.o(.text)
    AT24CXX_Check                            0x080043a7   Thumb Code    46  24cxx.o(.text)
    AT24CXX_Read                             0x080043d5   Thumb Code    34  24cxx.o(.text)
    AT24CXX_Write                            0x080043f7   Thumb Code    36  24cxx.o(.text)
    IIC_Init                                 0x0800441d   Thumb Code    52  myiic.o(.text)
    IIC_Start                                0x08004451   Thumb Code    68  myiic.o(.text)
    IIC_Stop                                 0x08004495   Thumb Code    62  myiic.o(.text)
    IIC_Wait_Ack                             0x080044d3   Thumb Code    86  myiic.o(.text)
    IIC_Ack                                  0x08004529   Thumb Code    66  myiic.o(.text)
    IIC_NAck                                 0x0800456b   Thumb Code    66  myiic.o(.text)
    IIC_Send_Byte                            0x080045ad   Thumb Code    90  myiic.o(.text)
    IIC_Read_Byte                            0x08004607   Thumb Code    98  myiic.o(.text)
    CT_Delay                                 0x08004675   Thumb Code    10  ctiic.o(.text)
    CT_IIC_Init                              0x0800467f   Thumb Code    62  ctiic.o(.text)
    CT_IIC_Start                             0x080046bd   Thumb Code    60  ctiic.o(.text)
    CT_IIC_Stop                              0x080046f9   Thumb Code    64  ctiic.o(.text)
    CT_IIC_Wait_Ack                          0x08004739   Thumb Code    86  ctiic.o(.text)
    CT_IIC_Ack                               0x0800478f   Thumb Code    66  ctiic.o(.text)
    CT_IIC_NAck                              0x080047d1   Thumb Code    66  ctiic.o(.text)
    CT_IIC_Send_Byte                         0x08004813   Thumb Code    82  ctiic.o(.text)
    CT_IIC_Read_Byte                         0x08004865   Thumb Code    94  ctiic.o(.text)
    FT5206_WR_Reg                            0x080048d5   Thumb Code    82  ft5206.o(.text)
    FT5206_RD_Reg                            0x08004927   Thumb Code    88  ft5206.o(.text)
    FT5206_Init                              0x0800497f   Thumb Code   214  ft5206.o(.text)
    FT5206_Scan                              0x08004a55   Thumb Code   400  ft5206.o(.text)
    GT9147_WR_Reg                            0x08004c09   Thumb Code    92  gt9147.o(.text)
    GT9147_Send_Cfg                          0x08004c65   Thumb Code    86  gt9147.o(.text)
    GT9147_RD_Reg                            0x08004cbb   Thumb Code    98  gt9147.o(.text)
    GT9147_Init                              0x08004d1d   Thumb Code   242  gt9147.o(.text)
    GT9147_Scan                              0x08004e0f   Thumb Code   408  gt9147.o(.text)
    OTT2001A_WR_Reg                          0x08004fed   Thumb Code    92  ott2001a.o(.text)
    OTT2001A_RD_Reg                          0x08005049   Thumb Code    98  ott2001a.o(.text)
    OTT2001A_SensorControl                   0x080050ab   Thumb Code    28  ott2001a.o(.text)
    OTT2001A_Init                            0x080050c7   Thumb Code   156  ott2001a.o(.text)
    OTT2001A_Scan                            0x08005163   Thumb Code   446  ott2001a.o(.text)
    TP_Write_Byte                            0x08005359   Thumb Code    56  touch.o(.text)
    TP_Read_AD                               0x08005391   Thumb Code   132  touch.o(.text)
    TP_Read_XOY                              0x08005415   Thumb Code   120  touch.o(.text)
    TP_Read_XY                               0x0800548d   Thumb Code    38  touch.o(.text)
    TP_Read_XY2                              0x080054b3   Thumb Code   192  touch.o(.text)
    TP_Drow_Touch_Point                      0x08005573   Thumb Code   108  touch.o(.text)
    TP_Draw_Big_Point                        0x080055df   Thumb Code    54  touch.o(.text)
    TP_Scan                                  0x08005615   Thumb Code   264  touch.o(.text)
    TP_Save_Adjdata                          0x0800571d   Thumb Code   146  touch.o(.text)
    TP_Get_Adjdata                           0x080057af   Thumb Code   152  touch.o(.text)
    TP_Adj_Info_Show                         0x08005847   Thumb Code   376  touch.o(.text)
    TP_Adjust                                0x080059bf   Thumb Code  1250  touch.o(.text)
    TP_Init                                  0x08005ea1   Thumb Code   348  touch.o(.text)
    Adc_Init                                 0x08005ffd   Thumb Code   152  adc.o(.text)
    Get_Adc                                  0x08006095   Thumb Code    46  adc.o(.text)
    Get_Adc_Average                          0x080060c3   Thumb Code    46  adc.o(.text)
    delay_init                               0x080060f9   Thumb Code    50  delay.o(.text)
    delay_us                                 0x0800612b   Thumb Code    72  delay.o(.text)
    delay_ms                                 0x08006173   Thumb Code    72  delay.o(.text)
    _sys_exit                                0x080061cd   Thumb Code     4  usart.o(.text)
    fputc                                    0x080061d1   Thumb Code    24  usart.o(.text)
    uart_init                                0x080061e9   Thumb Code   152  usart.o(.text)
    USART1_IRQHandler                        0x08006281   Thumb Code   122  usart.o(.text)
    Reset_Handler                            0x0800630d   Thumb Code     8  startup_stm32f10x_hd.o(.text)
    ADC1_2_IRQHandler                        0x08006327   Thumb Code     0  startup_stm32f10x_hd.o(.text)
    ADC3_IRQHandler                          0x08006327   Thumb Code     0  startup_stm32f10x_hd.o(.text)
    CAN1_RX1_IRQHandler                      0x08006327   Thumb Code     0  startup_stm32f10x_hd.o(.text)
    CAN1_SCE_IRQHandler                      0x08006327   Thumb Code     0  startup_stm32f10x_hd.o(.text)
    DMA1_Channel1_IRQHandler                 0x08006327   Thumb Code     0  startup_stm32f10x_hd.o(.text)
    DMA1_Channel2_IRQHandler                 0x08006327   Thumb Code     0  startup_stm32f10x_hd.o(.text)
    DMA1_Channel3_IRQHandler                 0x08006327   Thumb Code     0  startup_stm32f10x_hd.o(.text)
    DMA1_Channel4_IRQHandler                 0x08006327   Thumb Code     0  startup_stm32f10x_hd.o(.text)
    DMA1_Channel5_IRQHandler                 0x08006327   Thumb Code     0  startup_stm32f10x_hd.o(.text)
    DMA1_Channel6_IRQHandler                 0x08006327   Thumb Code     0  startup_stm32f10x_hd.o(.text)
    DMA1_Channel7_IRQHandler                 0x08006327   Thumb Code     0  startup_stm32f10x_hd.o(.text)
    DMA2_Channel1_IRQHandler                 0x08006327   Thumb Code     0  startup_stm32f10x_hd.o(.text)
    DMA2_Channel2_IRQHandler                 0x08006327   Thumb Code     0  startup_stm32f10x_hd.o(.text)
    DMA2_Channel3_IRQHandler                 0x08006327   Thumb Code     0  startup_stm32f10x_hd.o(.text)
    DMA2_Channel4_5_IRQHandler               0x08006327   Thumb Code     0  startup_stm32f10x_hd.o(.text)
    EXTI0_IRQHandler                         0x08006327   Thumb Code     0  startup_stm32f10x_hd.o(.text)
    EXTI15_10_IRQHandler                     0x08006327   Thumb Code     0  startup_stm32f10x_hd.o(.text)
    EXTI1_IRQHandler                         0x08006327   Thumb Code     0  startup_stm32f10x_hd.o(.text)
    EXTI2_IRQHandler                         0x08006327   Thumb Code     0  startup_stm32f10x_hd.o(.text)
    EXTI3_IRQHandler                         0x08006327   Thumb Code     0  startup_stm32f10x_hd.o(.text)
    EXTI4_IRQHandler                         0x08006327   Thumb Code     0  startup_stm32f10x_hd.o(.text)
    EXTI9_5_IRQHandler                       0x08006327   Thumb Code     0  startup_stm32f10x_hd.o(.text)
    FLASH_IRQHandler                         0x08006327   Thumb Code     0  startup_stm32f10x_hd.o(.text)
    FSMC_IRQHandler                          0x08006327   Thumb Code     0  startup_stm32f10x_hd.o(.text)
    I2C1_ER_IRQHandler                       0x08006327   Thumb Code     0  startup_stm32f10x_hd.o(.text)
    I2C1_EV_IRQHandler                       0x08006327   Thumb Code     0  startup_stm32f10x_hd.o(.text)
    I2C2_ER_IRQHandler                       0x08006327   Thumb Code     0  startup_stm32f10x_hd.o(.text)
    I2C2_EV_IRQHandler                       0x08006327   Thumb Code     0  startup_stm32f10x_hd.o(.text)
    PVD_IRQHandler                           0x08006327   Thumb Code     0  startup_stm32f10x_hd.o(.text)
    RCC_IRQHandler                           0x08006327   Thumb Code     0  startup_stm32f10x_hd.o(.text)
    RTCAlarm_IRQHandler                      0x08006327   Thumb Code     0  startup_stm32f10x_hd.o(.text)
    RTC_IRQHandler                           0x08006327   Thumb Code     0  startup_stm32f10x_hd.o(.text)
    SDIO_IRQHandler                          0x08006327   Thumb Code     0  startup_stm32f10x_hd.o(.text)
    SPI1_IRQHandler                          0x08006327   Thumb Code     0  startup_stm32f10x_hd.o(.text)
    SPI2_IRQHandler                          0x08006327   Thumb Code     0  startup_stm32f10x_hd.o(.text)
    SPI3_IRQHandler                          0x08006327   Thumb Code     0  startup_stm32f10x_hd.o(.text)
    TAMPER_IRQHandler                        0x08006327   Thumb Code     0  startup_stm32f10x_hd.o(.text)
    TIM1_BRK_IRQHandler                      0x08006327   Thumb Code     0  startup_stm32f10x_hd.o(.text)
    TIM1_CC_IRQHandler                       0x08006327   Thumb Code     0  startup_stm32f10x_hd.o(.text)
    TIM1_TRG_COM_IRQHandler                  0x08006327   Thumb Code     0  startup_stm32f10x_hd.o(.text)
    TIM1_UP_IRQHandler                       0x08006327   Thumb Code     0  startup_stm32f10x_hd.o(.text)
    TIM2_IRQHandler                          0x08006327   Thumb Code     0  startup_stm32f10x_hd.o(.text)
    TIM3_IRQHandler                          0x08006327   Thumb Code     0  startup_stm32f10x_hd.o(.text)
    TIM5_IRQHandler                          0x08006327   Thumb Code     0  startup_stm32f10x_hd.o(.text)
    TIM6_IRQHandler                          0x08006327   Thumb Code     0  startup_stm32f10x_hd.o(.text)
    TIM7_IRQHandler                          0x08006327   Thumb Code     0  startup_stm32f10x_hd.o(.text)
    TIM8_BRK_IRQHandler                      0x08006327   Thumb Code     0  startup_stm32f10x_hd.o(.text)
    TIM8_CC_IRQHandler                       0x08006327   Thumb Code     0  startup_stm32f10x_hd.o(.text)
    TIM8_TRG_COM_IRQHandler                  0x08006327   Thumb Code     0  startup_stm32f10x_hd.o(.text)
    TIM8_UP_IRQHandler                       0x08006327   Thumb Code     0  startup_stm32f10x_hd.o(.text)
    UART4_IRQHandler                         0x08006327   Thumb Code     0  startup_stm32f10x_hd.o(.text)
    UART5_IRQHandler                         0x08006327   Thumb Code     0  startup_stm32f10x_hd.o(.text)
    USART2_IRQHandler                        0x08006327   Thumb Code     0  startup_stm32f10x_hd.o(.text)
    USART3_IRQHandler                        0x08006327   Thumb Code     0  startup_stm32f10x_hd.o(.text)
    USBWakeUp_IRQHandler                     0x08006327   Thumb Code     0  startup_stm32f10x_hd.o(.text)
    USB_HP_CAN1_TX_IRQHandler                0x08006327   Thumb Code     0  startup_stm32f10x_hd.o(.text)
    USB_LP_CAN1_RX0_IRQHandler               0x08006327   Thumb Code     0  startup_stm32f10x_hd.o(.text)
    WWDG_IRQHandler                          0x08006327   Thumb Code     0  startup_stm32f10x_hd.o(.text)
    __user_initial_stackheap                 0x08006329   Thumb Code     0  startup_stm32f10x_hd.o(.text)
    GPIO_DeInit                              0x0800634d   Thumb Code   172  stm32f10x_gpio.o(.text)
    GPIO_AFIODeInit                          0x080063f9   Thumb Code    20  stm32f10x_gpio.o(.text)
    GPIO_Init                                0x0800640d   Thumb Code   278  stm32f10x_gpio.o(.text)
    GPIO_StructInit                          0x08006523   Thumb Code    16  stm32f10x_gpio.o(.text)
    GPIO_ReadInputDataBit                    0x08006533   Thumb Code    18  stm32f10x_gpio.o(.text)
    GPIO_ReadInputData                       0x08006545   Thumb Code     8  stm32f10x_gpio.o(.text)
    GPIO_ReadOutputDataBit                   0x0800654d   Thumb Code    18  stm32f10x_gpio.o(.text)
    GPIO_ReadOutputData                      0x0800655f   Thumb Code     8  stm32f10x_gpio.o(.text)
    GPIO_SetBits                             0x08006567   Thumb Code     4  stm32f10x_gpio.o(.text)
    GPIO_ResetBits                           0x0800656b   Thumb Code     4  stm32f10x_gpio.o(.text)
    GPIO_WriteBit                            0x0800656f   Thumb Code    10  stm32f10x_gpio.o(.text)
    GPIO_Write                               0x08006579   Thumb Code     4  stm32f10x_gpio.o(.text)
    GPIO_PinLockConfig                       0x0800657d   Thumb Code    18  stm32f10x_gpio.o(.text)
    GPIO_EventOutputConfig                   0x0800658f   Thumb Code    26  stm32f10x_gpio.o(.text)
    GPIO_EventOutputCmd                      0x080065a9   Thumb Code     6  stm32f10x_gpio.o(.text)
    GPIO_PinRemapConfig                      0x080065af   Thumb Code   138  stm32f10x_gpio.o(.text)
    GPIO_EXTILineConfig                      0x08006639   Thumb Code    66  stm32f10x_gpio.o(.text)
    GPIO_ETH_MediaInterfaceConfig            0x0800667b   Thumb Code     8  stm32f10x_gpio.o(.text)
    RCC_DeInit                               0x080066a9   Thumb Code    64  stm32f10x_rcc.o(.text)
    RCC_HSEConfig                            0x080066e9   Thumb Code    70  stm32f10x_rcc.o(.text)
    RCC_GetFlagStatus                        0x0800672f   Thumb Code    56  stm32f10x_rcc.o(.text)
    RCC_WaitForHSEStartUp                    0x08006767   Thumb Code    56  stm32f10x_rcc.o(.text)
    RCC_AdjustHSICalibrationValue            0x0800679f   Thumb Code    20  stm32f10x_rcc.o(.text)
    RCC_HSICmd                               0x080067b3   Thumb Code     6  stm32f10x_rcc.o(.text)
    RCC_PLLConfig                            0x080067b9   Thumb Code    24  stm32f10x_rcc.o(.text)
    RCC_PLLCmd                               0x080067d1   Thumb Code     6  stm32f10x_rcc.o(.text)
    RCC_SYSCLKConfig                         0x080067d7   Thumb Code    18  stm32f10x_rcc.o(.text)
    RCC_GetSYSCLKSource                      0x080067e9   Thumb Code    10  stm32f10x_rcc.o(.text)
    RCC_HCLKConfig                           0x080067f3   Thumb Code    18  stm32f10x_rcc.o(.text)
    RCC_PCLK1Config                          0x08006805   Thumb Code    18  stm32f10x_rcc.o(.text)
    RCC_PCLK2Config                          0x08006817   Thumb Code    20  stm32f10x_rcc.o(.text)
    RCC_ITConfig                             0x0800682b   Thumb Code    26  stm32f10x_rcc.o(.text)
    RCC_USBCLKConfig                         0x08006845   Thumb Code     8  stm32f10x_rcc.o(.text)
    RCC_ADCCLKConfig                         0x0800684d   Thumb Code    18  stm32f10x_rcc.o(.text)
    RCC_LSEConfig                            0x0800685f   Thumb Code    50  stm32f10x_rcc.o(.text)
    RCC_LSICmd                               0x08006891   Thumb Code     6  stm32f10x_rcc.o(.text)
    RCC_RTCCLKConfig                         0x08006897   Thumb Code    12  stm32f10x_rcc.o(.text)
    RCC_RTCCLKCmd                            0x080068a3   Thumb Code     8  stm32f10x_rcc.o(.text)
    RCC_GetClocksFreq                        0x080068ab   Thumb Code   192  stm32f10x_rcc.o(.text)
    RCC_AHBPeriphClockCmd                    0x0800696b   Thumb Code    26  stm32f10x_rcc.o(.text)
    RCC_APB2PeriphClockCmd                   0x08006985   Thumb Code    26  stm32f10x_rcc.o(.text)
    RCC_APB1PeriphClockCmd                   0x0800699f   Thumb Code    26  stm32f10x_rcc.o(.text)
    RCC_APB2PeriphResetCmd                   0x080069b9   Thumb Code    26  stm32f10x_rcc.o(.text)
    RCC_APB1PeriphResetCmd                   0x080069d3   Thumb Code    26  stm32f10x_rcc.o(.text)
    RCC_BackupResetCmd                       0x080069ed   Thumb Code     8  stm32f10x_rcc.o(.text)
    RCC_ClockSecuritySystemCmd               0x080069f5   Thumb Code     6  stm32f10x_rcc.o(.text)
    RCC_MCOConfig                            0x080069fb   Thumb Code     6  stm32f10x_rcc.o(.text)
    RCC_ClearFlag                            0x08006a01   Thumb Code    14  stm32f10x_rcc.o(.text)
    RCC_GetITStatus                          0x08006a0f   Thumb Code    20  stm32f10x_rcc.o(.text)
    RCC_ClearITPendingBit                    0x08006a23   Thumb Code     6  stm32f10x_rcc.o(.text)
    USART_DeInit                             0x08006a4d   Thumb Code   134  stm32f10x_usart.o(.text)
    USART_Init                               0x08006ad3   Thumb Code   210  stm32f10x_usart.o(.text)
    USART_StructInit                         0x08006ba5   Thumb Code    24  stm32f10x_usart.o(.text)
    USART_ClockInit                          0x08006bbd   Thumb Code    34  stm32f10x_usart.o(.text)
    USART_ClockStructInit                    0x08006bdf   Thumb Code    12  stm32f10x_usart.o(.text)
    USART_Cmd                                0x08006beb   Thumb Code    24  stm32f10x_usart.o(.text)
    USART_ITConfig                           0x08006c03   Thumb Code    74  stm32f10x_usart.o(.text)
    USART_DMACmd                             0x08006c4d   Thumb Code    18  stm32f10x_usart.o(.text)
    USART_SetAddress                         0x08006c5f   Thumb Code    18  stm32f10x_usart.o(.text)
    USART_WakeUpConfig                       0x08006c71   Thumb Code    18  stm32f10x_usart.o(.text)
    USART_ReceiverWakeUpCmd                  0x08006c83   Thumb Code    24  stm32f10x_usart.o(.text)
    USART_LINBreakDetectLengthConfig         0x08006c9b   Thumb Code    18  stm32f10x_usart.o(.text)
    USART_LINCmd                             0x08006cad   Thumb Code    24  stm32f10x_usart.o(.text)
    USART_SendData                           0x08006cc5   Thumb Code     8  stm32f10x_usart.o(.text)
    USART_ReceiveData                        0x08006ccd   Thumb Code    10  stm32f10x_usart.o(.text)
    USART_SendBreak                          0x08006cd7   Thumb Code    10  stm32f10x_usart.o(.text)
    USART_SetGuardTime                       0x08006ce1   Thumb Code    16  stm32f10x_usart.o(.text)
    USART_SetPrescaler                       0x08006cf1   Thumb Code    16  stm32f10x_usart.o(.text)
    USART_SmartCardCmd                       0x08006d01   Thumb Code    24  stm32f10x_usart.o(.text)
    USART_SmartCardNACKCmd                   0x08006d19   Thumb Code    24  stm32f10x_usart.o(.text)
    USART_HalfDuplexCmd                      0x08006d31   Thumb Code    24  stm32f10x_usart.o(.text)
    USART_OverSampling8Cmd                   0x08006d49   Thumb Code    22  stm32f10x_usart.o(.text)
    USART_OneBitMethodCmd                    0x08006d5f   Thumb Code    24  stm32f10x_usart.o(.text)
    USART_IrDAConfig                         0x08006d77   Thumb Code    18  stm32f10x_usart.o(.text)
    USART_IrDACmd                            0x08006d89   Thumb Code    24  stm32f10x_usart.o(.text)
    USART_GetFlagStatus                      0x08006da1   Thumb Code    26  stm32f10x_usart.o(.text)
    USART_ClearFlag                          0x08006dbb   Thumb Code    18  stm32f10x_usart.o(.text)
    USART_GetITStatus                        0x08006dcd   Thumb Code    84  stm32f10x_usart.o(.text)
    USART_ClearITPendingBit                  0x08006e21   Thumb Code    52  stm32f10x_usart.o(.text)
    NVIC_PriorityGroupConfig                 0x08006e55   Thumb Code    10  misc.o(.text)
    NVIC_Init                                0x08006e5f   Thumb Code   100  misc.o(.text)
    NVIC_SetVectorTable                      0x08006ec3   Thumb Code    14  misc.o(.text)
    NVIC_SystemLPConfig                      0x08006ed1   Thumb Code    34  misc.o(.text)
    SysTick_CLKSourceConfig                  0x08006ef3   Thumb Code    40  misc.o(.text)
    SPI_I2S_DeInit                           0x08006f31   Thumb Code    76  stm32f10x_spi.o(.text)
    SPI_Init                                 0x08006f7d   Thumb Code    60  stm32f10x_spi.o(.text)
    I2S_Init                                 0x08006fb9   Thumb Code   226  stm32f10x_spi.o(.text)
    SPI_StructInit                           0x0800709b   Thumb Code    24  stm32f10x_spi.o(.text)
    I2S_StructInit                           0x080070b3   Thumb Code    20  stm32f10x_spi.o(.text)
    SPI_Cmd                                  0x080070c7   Thumb Code    24  stm32f10x_spi.o(.text)
    I2S_Cmd                                  0x080070df   Thumb Code    24  stm32f10x_spi.o(.text)
    SPI_I2S_ITConfig                         0x080070f7   Thumb Code    32  stm32f10x_spi.o(.text)
    SPI_I2S_DMACmd                           0x08007117   Thumb Code    18  stm32f10x_spi.o(.text)
    SPI_I2S_SendData                         0x08007129   Thumb Code     4  stm32f10x_spi.o(.text)
    SPI_I2S_ReceiveData                      0x0800712d   Thumb Code     6  stm32f10x_spi.o(.text)
    SPI_NSSInternalSoftwareConfig            0x08007133   Thumb Code    30  stm32f10x_spi.o(.text)
    SPI_SSOutputCmd                          0x08007151   Thumb Code    24  stm32f10x_spi.o(.text)
    SPI_DataSizeConfig                       0x08007169   Thumb Code    18  stm32f10x_spi.o(.text)
    SPI_TransmitCRC                          0x0800717b   Thumb Code    10  stm32f10x_spi.o(.text)
    SPI_CalculateCRC                         0x08007185   Thumb Code    24  stm32f10x_spi.o(.text)
    SPI_GetCRC                               0x0800719d   Thumb Code    16  stm32f10x_spi.o(.text)
    SPI_GetCRCPolynomial                     0x080071ad   Thumb Code     6  stm32f10x_spi.o(.text)
    SPI_BiDirectionalLineConfig              0x080071b3   Thumb Code    28  stm32f10x_spi.o(.text)
    SPI_I2S_GetFlagStatus                    0x080071cf   Thumb Code    18  stm32f10x_spi.o(.text)
    SPI_I2S_ClearFlag                        0x080071e1   Thumb Code     6  stm32f10x_spi.o(.text)
    SPI_I2S_GetITStatus                      0x080071e7   Thumb Code    52  stm32f10x_spi.o(.text)
    SPI_I2S_ClearITPendingBit                0x0800721b   Thumb Code    20  stm32f10x_spi.o(.text)
    TIM_DeInit                               0x0800723d   Thumb Code   424  stm32f10x_tim.o(.text)
    TIM_TimeBaseInit                         0x080073e5   Thumb Code   122  stm32f10x_tim.o(.text)
    TIM_OC1Init                              0x0800745f   Thumb Code   132  stm32f10x_tim.o(.text)
    TIM_OC2Init                              0x080074e3   Thumb Code   154  stm32f10x_tim.o(.text)
    TIM_OC3Init                              0x0800757d   Thumb Code   150  stm32f10x_tim.o(.text)
    TIM_OC4Init                              0x08007613   Thumb Code   182  stm32f10x_tim.o(.text)
    TIM_SetIC4Prescaler                      0x080076c9   Thumb Code    26  stm32f10x_tim.o(.text)
    TIM_SetIC3Prescaler                      0x08007765   Thumb Code    18  stm32f10x_tim.o(.text)
    TIM_SetIC2Prescaler                      0x080077f1   Thumb Code    26  stm32f10x_tim.o(.text)
    TIM_SetIC1Prescaler                      0x0800788d   Thumb Code    18  stm32f10x_tim.o(.text)
    TIM_ICInit                               0x0800790b   Thumb Code   150  stm32f10x_tim.o(.text)
    TIM_PWMIConfig                           0x080079a1   Thumb Code   124  stm32f10x_tim.o(.text)
    TIM_BDTRConfig                           0x08007a1d   Thumb Code    32  stm32f10x_tim.o(.text)
    TIM_TimeBaseStructInit                   0x08007a3d   Thumb Code    18  stm32f10x_tim.o(.text)
    TIM_OCStructInit                         0x08007a4f   Thumb Code    20  stm32f10x_tim.o(.text)
    TIM_ICStructInit                         0x08007a63   Thumb Code    18  stm32f10x_tim.o(.text)
    TIM_BDTRStructInit                       0x08007a75   Thumb Code    40  stm32f10x_tim.o(.text)
    TIM_Cmd                                  0x08007a9d   Thumb Code    24  stm32f10x_tim.o(.text)
    TIM_CtrlPWMOutputs                       0x08007ab5   Thumb Code    30  stm32f10x_tim.o(.text)
    TIM_ITConfig                             0x08007ad3   Thumb Code    18  stm32f10x_tim.o(.text)
    TIM_GenerateEvent                        0x08007ae5   Thumb Code     4  stm32f10x_tim.o(.text)
    TIM_DMAConfig                            0x08007ae9   Thumb Code    10  stm32f10x_tim.o(.text)
    TIM_DMACmd                               0x08007af3   Thumb Code    18  stm32f10x_tim.o(.text)
    TIM_InternalClockConfig                  0x08007b05   Thumb Code    12  stm32f10x_tim.o(.text)
    TIM_SelectInputTrigger                   0x08007b11   Thumb Code    18  stm32f10x_tim.o(.text)
    TIM_ITRxExternalClockConfig              0x08007b23   Thumb Code    24  stm32f10x_tim.o(.text)
    TIM_TIxExternalClockConfig               0x08007b3b   Thumb Code    62  stm32f10x_tim.o(.text)
    TIM_ETRConfig                            0x08007b79   Thumb Code    28  stm32f10x_tim.o(.text)
    TIM_ETRClockMode1Config                  0x08007b95   Thumb Code    54  stm32f10x_tim.o(.text)
    TIM_ETRClockMode2Config                  0x08007bcb   Thumb Code    32  stm32f10x_tim.o(.text)
    TIM_PrescalerConfig                      0x08007beb   Thumb Code     6  stm32f10x_tim.o(.text)
    TIM_CounterModeConfig                    0x08007bf1   Thumb Code    18  stm32f10x_tim.o(.text)
    TIM_EncoderInterfaceConfig               0x08007c03   Thumb Code    66  stm32f10x_tim.o(.text)
    TIM_ForcedOC1Config                      0x08007c45   Thumb Code    18  stm32f10x_tim.o(.text)
    TIM_ForcedOC2Config                      0x08007c57   Thumb Code    26  stm32f10x_tim.o(.text)
    TIM_ForcedOC3Config                      0x08007c71   Thumb Code    18  stm32f10x_tim.o(.text)
    TIM_ForcedOC4Config                      0x08007c83   Thumb Code    26  stm32f10x_tim.o(.text)
    TIM_ARRPreloadConfig                     0x08007c9d   Thumb Code    24  stm32f10x_tim.o(.text)
    TIM_SelectCOM                            0x08007cb5   Thumb Code    24  stm32f10x_tim.o(.text)
    TIM_SelectCCDMA                          0x08007ccd   Thumb Code    24  stm32f10x_tim.o(.text)
    TIM_CCPreloadControl                     0x08007ce5   Thumb Code    24  stm32f10x_tim.o(.text)
    TIM_OC1PreloadConfig                     0x08007cfd   Thumb Code    18  stm32f10x_tim.o(.text)
    TIM_OC2PreloadConfig                     0x08007d0f   Thumb Code    26  stm32f10x_tim.o(.text)
    TIM_OC3PreloadConfig                     0x08007d29   Thumb Code    18  stm32f10x_tim.o(.text)
    TIM_OC4PreloadConfig                     0x08007d3b   Thumb Code    26  stm32f10x_tim.o(.text)
    TIM_OC1FastConfig                        0x08007d55   Thumb Code    18  stm32f10x_tim.o(.text)
    TIM_OC2FastConfig                        0x08007d67   Thumb Code    26  stm32f10x_tim.o(.text)
    TIM_OC3FastConfig                        0x08007d81   Thumb Code    18  stm32f10x_tim.o(.text)
    TIM_OC4FastConfig                        0x08007d93   Thumb Code    26  stm32f10x_tim.o(.text)
    TIM_ClearOC1Ref                          0x08007dad   Thumb Code    18  stm32f10x_tim.o(.text)
    TIM_ClearOC2Ref                          0x08007dbf   Thumb Code    24  stm32f10x_tim.o(.text)
    TIM_ClearOC3Ref                          0x08007dd7   Thumb Code    18  stm32f10x_tim.o(.text)
    TIM_ClearOC4Ref                          0x08007de9   Thumb Code    24  stm32f10x_tim.o(.text)
    TIM_OC1PolarityConfig                    0x08007e01   Thumb Code    18  stm32f10x_tim.o(.text)
    TIM_OC1NPolarityConfig                   0x08007e13   Thumb Code    18  stm32f10x_tim.o(.text)
    TIM_OC2PolarityConfig                    0x08007e25   Thumb Code    26  stm32f10x_tim.o(.text)
    TIM_OC2NPolarityConfig                   0x08007e3f   Thumb Code    26  stm32f10x_tim.o(.text)
    TIM_OC3PolarityConfig                    0x08007e59   Thumb Code    26  stm32f10x_tim.o(.text)
    TIM_OC3NPolarityConfig                   0x08007e73   Thumb Code    26  stm32f10x_tim.o(.text)
    TIM_OC4PolarityConfig                    0x08007e8d   Thumb Code    26  stm32f10x_tim.o(.text)
    TIM_CCxCmd                               0x08007ea7   Thumb Code    30  stm32f10x_tim.o(.text)
    TIM_CCxNCmd                              0x08007ec5   Thumb Code    30  stm32f10x_tim.o(.text)
    TIM_SelectOCxM                           0x08007ee3   Thumb Code    82  stm32f10x_tim.o(.text)
    TIM_UpdateDisableConfig                  0x08007f35   Thumb Code    24  stm32f10x_tim.o(.text)
    TIM_UpdateRequestConfig                  0x08007f4d   Thumb Code    24  stm32f10x_tim.o(.text)
    TIM_SelectHallSensor                     0x08007f65   Thumb Code    24  stm32f10x_tim.o(.text)
    TIM_SelectOnePulseMode                   0x08007f7d   Thumb Code    18  stm32f10x_tim.o(.text)
    TIM_SelectOutputTrigger                  0x08007f8f   Thumb Code    18  stm32f10x_tim.o(.text)
    TIM_SelectSlaveMode                      0x08007fa1   Thumb Code    18  stm32f10x_tim.o(.text)
    TIM_SelectMasterSlaveMode                0x08007fb3   Thumb Code    18  stm32f10x_tim.o(.text)
    TIM_SetCounter                           0x08007fc5   Thumb Code     4  stm32f10x_tim.o(.text)
    TIM_SetAutoreload                        0x08007fc9   Thumb Code     4  stm32f10x_tim.o(.text)
    TIM_SetCompare1                          0x08007fcd   Thumb Code     4  stm32f10x_tim.o(.text)
    TIM_SetCompare2                          0x08007fd1   Thumb Code     4  stm32f10x_tim.o(.text)
    TIM_SetCompare3                          0x08007fd5   Thumb Code     4  stm32f10x_tim.o(.text)
    TIM_SetCompare4                          0x08007fd9   Thumb Code     6  stm32f10x_tim.o(.text)
    TIM_SetClockDivision                     0x08007fdf   Thumb Code    18  stm32f10x_tim.o(.text)
    TIM_GetCapture1                          0x08007ff1   Thumb Code     6  stm32f10x_tim.o(.text)
    TIM_GetCapture2                          0x08007ff7   Thumb Code     6  stm32f10x_tim.o(.text)
    TIM_GetCapture3                          0x08007ffd   Thumb Code     6  stm32f10x_tim.o(.text)
    TIM_GetCapture4                          0x08008003   Thumb Code     8  stm32f10x_tim.o(.text)
    TIM_GetCounter                           0x0800800b   Thumb Code     6  stm32f10x_tim.o(.text)
    TIM_GetPrescaler                         0x08008011   Thumb Code     6  stm32f10x_tim.o(.text)
    TIM_GetFlagStatus                        0x08008017   Thumb Code    18  stm32f10x_tim.o(.text)
    TIM_ClearFlag                            0x08008029   Thumb Code     6  stm32f10x_tim.o(.text)
    TIM_GetITStatus                          0x0800802f   Thumb Code    34  stm32f10x_tim.o(.text)
    TIM_ClearITPendingBit                    0x08008051   Thumb Code     6  stm32f10x_tim.o(.text)
    ADC_DeInit                               0x08008059   Thumb Code    78  stm32f10x_adc.o(.text)
    ADC_Init                                 0x080080a7   Thumb Code    70  stm32f10x_adc.o(.text)
    ADC_StructInit                           0x080080ed   Thumb Code    18  stm32f10x_adc.o(.text)
    ADC_Cmd                                  0x080080ff   Thumb Code    22  stm32f10x_adc.o(.text)
    ADC_DMACmd                               0x08008115   Thumb Code    22  stm32f10x_adc.o(.text)
    ADC_ITConfig                             0x0800812b   Thumb Code    24  stm32f10x_adc.o(.text)
    ADC_ResetCalibration                     0x08008143   Thumb Code    10  stm32f10x_adc.o(.text)
    ADC_GetResetCalibrationStatus            0x0800814d   Thumb Code    20  stm32f10x_adc.o(.text)
    ADC_StartCalibration                     0x08008161   Thumb Code    10  stm32f10x_adc.o(.text)
    ADC_GetCalibrationStatus                 0x0800816b   Thumb Code    20  stm32f10x_adc.o(.text)
    ADC_SoftwareStartConvCmd                 0x0800817f   Thumb Code    22  stm32f10x_adc.o(.text)
    ADC_GetSoftwareStartConvStatus           0x08008195   Thumb Code    20  stm32f10x_adc.o(.text)
    ADC_DiscModeChannelCountConfig           0x080081a9   Thumb Code    24  stm32f10x_adc.o(.text)
    ADC_DiscModeCmd                          0x080081c1   Thumb Code    22  stm32f10x_adc.o(.text)
    ADC_RegularChannelConfig                 0x080081d7   Thumb Code   184  stm32f10x_adc.o(.text)
    ADC_ExternalTrigConvCmd                  0x0800828f   Thumb Code    22  stm32f10x_adc.o(.text)
    ADC_GetConversionValue                   0x080082a5   Thumb Code     8  stm32f10x_adc.o(.text)
    ADC_GetDualModeConversionValue           0x080082ad   Thumb Code     8  stm32f10x_adc.o(.text)
    ADC_AutoInjectedConvCmd                  0x080082b5   Thumb Code    22  stm32f10x_adc.o(.text)
    ADC_InjectedDiscModeCmd                  0x080082cb   Thumb Code    22  stm32f10x_adc.o(.text)
    ADC_ExternalTrigInjectedConvConfig       0x080082e1   Thumb Code    16  stm32f10x_adc.o(.text)
    ADC_ExternalTrigInjectedConvCmd          0x080082f1   Thumb Code    22  stm32f10x_adc.o(.text)
    ADC_SoftwareStartInjectedConvCmd         0x08008307   Thumb Code    22  stm32f10x_adc.o(.text)
    ADC_GetSoftwareStartInjectedConvCmdStatus 0x0800831d   Thumb Code    20  stm32f10x_adc.o(.text)
    ADC_InjectedChannelConfig                0x08008331   Thumb Code   130  stm32f10x_adc.o(.text)
    ADC_InjectedSequencerLengthConfig        0x080083b3   Thumb Code    24  stm32f10x_adc.o(.text)
    ADC_SetInjectedOffset                    0x080083cb   Thumb Code    20  stm32f10x_adc.o(.text)
    ADC_GetInjectedConversionValue           0x080083df   Thumb Code    28  stm32f10x_adc.o(.text)
    ADC_AnalogWatchdogCmd                    0x080083fb   Thumb Code    16  stm32f10x_adc.o(.text)
    ADC_AnalogWatchdogThresholdsConfig       0x0800840b   Thumb Code     6  stm32f10x_adc.o(.text)
    ADC_AnalogWatchdogSingleChannelConfig    0x08008411   Thumb Code    16  stm32f10x_adc.o(.text)
    ADC_TempSensorVrefintCmd                 0x08008421   Thumb Code    64  stm32f10x_adc.o(.text)
    ADC_GetFlagStatus                        0x08008461   Thumb Code    18  stm32f10x_adc.o(.text)
    ADC_ClearFlag                            0x08008473   Thumb Code     6  stm32f10x_adc.o(.text)
    ADC_GetITStatus                          0x08008479   Thumb Code    36  stm32f10x_adc.o(.text)
    ADC_ClearITPendingBit                    0x0800849d   Thumb Code    10  stm32f10x_adc.o(.text)
    mymemcpy                                 0x080084a9   Thumb Code    26  malloc.o(.text)
    mymemset                                 0x080084c3   Thumb Code    20  malloc.o(.text)
    mem_init                                 0x080084d7   Thumb Code    38  malloc.o(.text)
    mem_perused                              0x080084fd   Thumb Code    42  malloc.o(.text)
    mem_malloc                               0x08008527   Thumb Code   116  malloc.o(.text)
    mem_free                                 0x0800859b   Thumb Code    66  malloc.o(.text)
    myfree                                   0x080085dd   Thumb Code    24  malloc.o(.text)
    mymalloc                                 0x080085f5   Thumb Code    28  malloc.o(.text)
    myrealloc                                0x08008611   Thumb Code    50  malloc.o(.text)
    usmart_sys_cmd_exe                       0x08008649   Thumb Code  1554  usmart.o(.text)
    usmart_reset_runtime                     0x08008c5b   Thumb Code    38  usmart.o(.text)
    usmart_get_runtime                       0x08008c81   Thumb Code    56  usmart.o(.text)
    TIM4_IRQHandler                          0x08008cb9   Thumb Code    50  usmart.o(.text)
    Timer4_Init                              0x08008ceb   Thumb Code    94  usmart.o(.text)
    usmart_init                              0x08008d49   Thumb Code    36  usmart.o(.text)
    usmart_cmd_rec                           0x08008d6d   Thumb Code   170  usmart.o(.text)
    usmart_exe                               0x08008e17   Thumb Code   872  usmart.o(.text)
    usmart_scan                              0x0800917f   Thumb Code   120  usmart.o(.text)
    read_addr                                0x080091f7   Thumb Code     6  usmart.o(.text)
    write_addr                               0x080091fd   Thumb Code     4  usmart.o(.text)
    usmart_strcmp                            0x08009289   Thumb Code    34  usmart_str.o(.text)
    usmart_strcopy                           0x080092ab   Thumb Code    22  usmart_str.o(.text)
    usmart_strlen                            0x080092c1   Thumb Code    24  usmart_str.o(.text)
    usmart_pow                               0x080092d9   Thumb Code    22  usmart_str.o(.text)
    usmart_str2num                           0x080092ef   Thumb Code   202  usmart_str.o(.text)
    usmart_get_cmdname                       0x080093b9   Thumb Code    54  usmart_str.o(.text)
    usmart_search_nextc                      0x080093ef   Thumb Code    22  usmart_str.o(.text)
    usmart_get_fname                         0x08009405   Thumb Code   440  usmart_str.o(.text)
    usmart_get_aparm                         0x080095bd   Thumb Code   200  usmart_str.o(.text)
    usmart_get_parmpos                       0x08009685   Thumb Code    26  usmart_str.o(.text)
    usmart_get_fparam                        0x0800969f   Thumb Code   262  usmart_str.o(.text)
    exfuns_init                              0x080097b1   Thumb Code   100  exfuns.o(.text)
    char_upper                               0x08009815   Thumb Code    26  exfuns.o(.text)
    f_typetell                               0x0800982f   Thumb Code   188  exfuns.o(.text)
    exf_getfree                              0x080098eb   Thumb Code    74  exfuns.o(.text)
    mf_mount                                 0x08009949   Thumb Code    20  fattester.o(.text)
    mf_open                                  0x0800995d   Thumb Code    24  fattester.o(.text)
    mf_close                                 0x08009975   Thumb Code    14  fattester.o(.text)
    mf_read                                  0x08009983   Thumb Code   224  fattester.o(.text)
    mf_write                                 0x08009a63   Thumb Code    68  fattester.o(.text)
    mf_opendir                               0x08009aa7   Thumb Code    14  fattester.o(.text)
    mf_closedir                              0x08009ab5   Thumb Code    10  fattester.o(.text)
    mf_readdir                               0x08009abf   Thumb Code   196  fattester.o(.text)
    mf_scan_files                            0x08009b83   Thumb Code   114  fattester.o(.text)
    mf_showfree                              0x08009bf5   Thumb Code    88  fattester.o(.text)
    mf_lseek                                 0x08009c4d   Thumb Code    16  fattester.o(.text)
    mf_tell                                  0x08009c5d   Thumb Code     8  fattester.o(.text)
    mf_size                                  0x08009c65   Thumb Code     8  fattester.o(.text)
    mf_mkdir                                 0x08009c6d   Thumb Code    12  fattester.o(.text)
    mf_fmkfs                                 0x08009c79   Thumb Code    20  fattester.o(.text)
    mf_unlink                                0x08009c8d   Thumb Code    12  fattester.o(.text)
    mf_rename                                0x08009c99   Thumb Code    16  fattester.o(.text)
    mf_getlabel                              0x08009ca9   Thumb Code    58  fattester.o(.text)
    mf_setlabel                              0x08009ce3   Thumb Code    34  fattester.o(.text)
    mf_gets                                  0x08009d05   Thumb Code   724  fattester.o(.text)
    mf_putc                                  0x08009fd9   Thumb Code    18  fattester.o(.text)
    mf_puts                                  0x08009feb   Thumb Code    18  fattester.o(.text)
    disk_initialize                          0x0800a001   Thumb Code    88  diskio.o(.text)
    disk_status                              0x0800a059   Thumb Code     6  diskio.o(.text)
    disk_read                                0x0800a05f   Thumb Code   118  diskio.o(.text)
    disk_write                               0x0800a0d5   Thumb Code    98  diskio.o(.text)
    disk_ioctl                               0x0800a137   Thumb Code   154  diskio.o(.text)
    get_fattime                              0x0800a1d1   Thumb Code     4  diskio.o(.text)
    ff_memalloc                              0x0800a1d5   Thumb Code    12  diskio.o(.text)
    ff_memfree                               0x0800a1e1   Thumb Code    12  diskio.o(.text)
    clust2sect                               0x0800a3a7   Thumb Code    26  ff.o(.text)
    get_fat                                  0x0800a3c1   Thumb Code   232  ff.o(.text)
    put_fat                                  0x0800a4a9   Thumb Code   310  ff.o(.text)
    f_mount                                  0x0800b7bb   Thumb Code    86  ff.o(.text)
    f_open                                   0x0800b811   Thumb Code   384  ff.o(.text)
    f_read                                   0x0800b991   Thumb Code   450  ff.o(.text)
    f_write                                  0x0800bb53   Thumb Code   498  ff.o(.text)
    f_sync                                   0x0800bd45   Thumb Code   176  ff.o(.text)
    f_close                                  0x0800bdf5   Thumb Code    32  ff.o(.text)
    f_lseek                                  0x0800be15   Thumb Code   654  ff.o(.text)
    f_opendir                                0x0800c0a3   Thumb Code   136  ff.o(.text)
    f_closedir                               0x0800c12b   Thumb Code    22  ff.o(.text)
    f_readdir                                0x0800c141   Thumb Code   114  ff.o(.text)
    f_stat                                   0x0800c1b3   Thumb Code    84  ff.o(.text)
    f_getfree                                0x0800c207   Thumb Code   258  ff.o(.text)
    f_truncate                               0x0800c309   Thumb Code   184  ff.o(.text)
    f_unlink                                 0x0800c3c1   Thumb Code   194  ff.o(.text)
    f_mkdir                                  0x0800c483   Thumb Code   380  ff.o(.text)
    f_chmod                                  0x0800c5ff   Thumb Code   112  ff.o(.text)
    f_utime                                  0x0800c66f   Thumb Code   110  ff.o(.text)
    f_rename                                 0x0800c6dd   Thumb Code   314  ff.o(.text)
    f_getlabel                               0x0800c817   Thumb Code   190  ff.o(.text)
    f_setlabel                               0x0800c8d5   Thumb Code   470  ff.o(.text)
    f_mkfs                                   0x0800caab   Thumb Code  1570  ff.o(.text)
    f_gets                                   0x0800d0cd   Thumb Code    82  ff.o(.text)
    f_putc                                   0x0800d163   Thumb Code    64  ff.o(.text)
    f_puts                                   0x0800d1a3   Thumb Code    74  ff.o(.text)
    f_printf                                 0x0800d1ed   Thumb Code   674  ff.o(.text)
    ff_convert                               0x0800d491   Thumb Code   146  mycc936.o(.text)
    ff_wtoupper                              0x0800d523   Thumb Code    46  mycc936.o(.text)
    fupd_prog                                0x0800d55d   Thumb Code   134  fontupd.o(.text)
    updata_fontx                             0x0800d5e3   Thumb Code   340  fontupd.o(.text)
    update_font                              0x0800d737   Thumb Code   330  fontupd.o(.text)
    font_init                                0x0800d881   Thumb Code    34  fontupd.o(.text)
    Get_HzMat                                0x0800d921   Thumb Code   220  text.o(.text)
    Show_Font                                0x0800d9fd   Thumb Code   190  text.o(.text)
    Show_Str                                 0x0800dabb   Thumb Code   192  text.o(.text)
    Show_Str_Mid                             0x0800db7b   Thumb Code   106  text.o(.text)
    __use_no_semihosting                     0x0800dbf5   Thumb Code     2  use_no_semi_2.o(.text)
    __2printf                                0x0800dbf9   Thumb Code    20  noretval__2printf.o(.text)
    _printf_pre_padding                      0x0800dc11   Thumb Code    44  _printf_pad.o(.text)
    _printf_post_padding                     0x0800dc3d   Thumb Code    34  _printf_pad.o(.text)
    _printf_str                              0x0800dc5f   Thumb Code    82  _printf_str.o(.text)
    _printf_int_dec                          0x0800dcb1   Thumb Code   104  _printf_dec.o(.text)
    _printf_int_hex                          0x0800dd29   Thumb Code    84  _printf_hex_int.o(.text)
    _printf_longlong_hex                     0x0800dd29   Thumb Code     0  _printf_hex_int.o(.text)
    __printf                                 0x0800dd81   Thumb Code   388  __printf_flags_ss_wp.o(.text)
    strcpy                                   0x0800df09   Thumb Code    72  strcpy.o(.text)
    strlen                                   0x0800df51   Thumb Code    62  strlen.o(.text)
    strcmp                                   0x0800df91   Thumb Code   128  strcmpv7m.o(.text)
    __use_two_region_memory                  0x0800e011   Thumb Code     2  heapauxi.o(.text)
    __rt_heap_escrow$2region                 0x0800e013   Thumb Code     2  heapauxi.o(.text)
    __rt_heap_expand$2region                 0x0800e015   Thumb Code     2  heapauxi.o(.text)
    __I$use$semihosting                      0x0800e017   Thumb Code     0  use_no_semi.o(.text)
    __use_no_semihosting_swi                 0x0800e017   Thumb Code     2  use_no_semi.o(.text)
    __read_errno                             0x0800e019   Thumb Code    10  _rserrno.o(.text)
    __set_errno                              0x0800e023   Thumb Code    12  _rserrno.o(.text)
    _printf_int_common                       0x0800e02f   Thumb Code   178  _printf_intcommon.o(.text)
    _printf_cs_common                        0x0800e0e1   Thumb Code    20  _printf_char.o(.text)
    _printf_char                             0x0800e0f5   Thumb Code    16  _printf_char.o(.text)
    _printf_string                           0x0800e105   Thumb Code     8  _printf_char.o(.text)
    _printf_char_file                        0x0800e10d   Thumb Code    32  _printf_char_file.o(.text)
    __aeabi_errno_addr                       0x0800e131   Thumb Code     8  rt_errno_addr_intlibspace.o(.text)
    __errno$intlibspace                      0x0800e131   Thumb Code     0  rt_errno_addr_intlibspace.o(.text)
    __rt_errno_addr$intlibspace              0x0800e131   Thumb Code     0  rt_errno_addr_intlibspace.o(.text)
    _printf_char_common                      0x0800e143   Thumb Code    32  _printf_char_common.o(.text)
    ferror                                   0x0800e169   Thumb Code     8  ferror.o(.text)
    __user_libspace                          0x0800e171   Thumb Code     8  libspace.o(.text)
    __user_perproc_libspace                  0x0800e171   Thumb Code     0  libspace.o(.text)
    __user_perthread_libspace                0x0800e171   Thumb Code     0  libspace.o(.text)
    __user_setup_stackheap                   0x0800e179   Thumb Code    74  sys_stackheap_outer.o(.text)
    exit                                     0x0800e1c3   Thumb Code    18  exit.o(.text)
    _is_digit                                0x0800e1d5   Thumb Code    14  __printf_wp.o(i._is_digit)
    sqrt                                     0x0800e1e3   Thumb Code    76  sqrt.o(i.sqrt)
    __aeabi_dadd                             0x0800e231   Thumb Code     0  daddsub_clz.o(x$fpl$dadd)
    _dadd                                    0x0800e231   Thumb Code   332  daddsub_clz.o(x$fpl$dadd)
    __fpl_dcmp_Inf                           0x0800e381   Thumb Code    24  dcmpi.o(x$fpl$dcmpinf)
    __aeabi_d2uiz                            0x0800e399   Thumb Code     0  dfixu.o(x$fpl$dfixu)
    _dfixu                                   0x0800e399   Thumb Code    90  dfixu.o(x$fpl$dfixu)
    __aeabi_i2d                              0x0800e3f3   Thumb Code     0  dflt_clz.o(x$fpl$dflt)
    _dflt                                    0x0800e3f3   Thumb Code    46  dflt_clz.o(x$fpl$dflt)
    __aeabi_ui2d                             0x0800e421   Thumb Code     0  dflt_clz.o(x$fpl$dfltu)
    _dfltu                                   0x0800e421   Thumb Code    38  dflt_clz.o(x$fpl$dfltu)
    __aeabi_cdcmple                          0x0800e449   Thumb Code     0  dleqf.o(x$fpl$dleqf)
    _dcmple                                  0x0800e449   Thumb Code   120  dleqf.o(x$fpl$dleqf)
    __fpl_dcmple_InfNaN                      0x0800e4ab   Thumb Code     0  dleqf.o(x$fpl$dleqf)
    __aeabi_dmul                             0x0800e4c1   Thumb Code     0  dmul.o(x$fpl$dmul)
    _dmul                                    0x0800e4c1   Thumb Code   332  dmul.o(x$fpl$dmul)
    __fpl_dnaninf                            0x0800e615   Thumb Code   156  dnaninf.o(x$fpl$dnaninf)
    __fpl_dretinf                            0x0800e6b1   Thumb Code    12  dretinf.o(x$fpl$dretinf)
    __aeabi_cdrcmple                         0x0800e6bd   Thumb Code     0  drleqf.o(x$fpl$drleqf)
    _drcmple                                 0x0800e6bd   Thumb Code   108  drleqf.o(x$fpl$drleqf)
    __aeabi_drsub                            0x0800e729   Thumb Code     0  daddsub_clz.o(x$fpl$drsb)
    _drsb                                    0x0800e729   Thumb Code    22  daddsub_clz.o(x$fpl$drsb)
    _dsqrt                                   0x0800e741   Thumb Code   456  dsqrt_noumaal.o(x$fpl$dsqrt)
    __aeabi_dsub                             0x0800e90d   Thumb Code     0  daddsub_clz.o(x$fpl$dsub)
    _dsub                                    0x0800e90d   Thumb Code   464  daddsub_clz.o(x$fpl$dsub)
    __aeabi_f2d                              0x0800eae1   Thumb Code     0  f2d.o(x$fpl$f2d)
    _f2d                                     0x0800eae1   Thumb Code    86  f2d.o(x$fpl$f2d)
    __aeabi_fadd                             0x0800eb39   Thumb Code     0  faddsub_clz.o(x$fpl$fadd)
    _fadd                                    0x0800eb39   Thumb Code   196  faddsub_clz.o(x$fpl$fadd)
    __fpl_fcmp_Inf                           0x0800ebfd   Thumb Code    24  fcmpi.o(x$fpl$fcmpinf)
    __aeabi_fdiv                             0x0800ec15   Thumb Code     0  fdiv.o(x$fpl$fdiv)
    _fdiv                                    0x0800ec15   Thumb Code   384  fdiv.o(x$fpl$fdiv)
    __aeabi_cfcmpeq                          0x0800ed99   Thumb Code     0  feqf.o(x$fpl$feqf)
    _fcmpeq                                  0x0800ed99   Thumb Code   104  feqf.o(x$fpl$feqf)
    __aeabi_f2iz                             0x0800ee01   Thumb Code     0  ffix.o(x$fpl$ffix)
    _ffix                                    0x0800ee01   Thumb Code    54  ffix.o(x$fpl$ffix)
    __aeabi_f2uiz                            0x0800ee39   Thumb Code     0  ffixu.o(x$fpl$ffixu)
    _ffixu                                   0x0800ee39   Thumb Code    62  ffixu.o(x$fpl$ffixu)
    __aeabi_i2f                              0x0800ee79   Thumb Code     0  fflt_clz.o(x$fpl$fflt)
    _fflt                                    0x0800ee79   Thumb Code    48  fflt_clz.o(x$fpl$fflt)
    __aeabi_ui2f                             0x0800eea9   Thumb Code     0  fflt_clz.o(x$fpl$ffltu)
    _ffltu                                   0x0800eea9   Thumb Code    38  fflt_clz.o(x$fpl$ffltu)
    __aeabi_fmul                             0x0800eed1   Thumb Code     0  fmul.o(x$fpl$fmul)
    _fmul                                    0x0800eed1   Thumb Code   258  fmul.o(x$fpl$fmul)
    __fpl_fnaninf                            0x0800efd3   Thumb Code   140  fnaninf.o(x$fpl$fnaninf)
    __fpl_fretinf                            0x0800f05f   Thumb Code    10  fretinf.o(x$fpl$fretinf)
    __aeabi_fsub                             0x0800f069   Thumb Code     0  faddsub_clz.o(x$fpl$fsub)
    _fsub                                    0x0800f069   Thumb Code   234  faddsub_clz.o(x$fpl$fsub)
    __I$use$fp                               0x0800f152   Number         0  usenofp.o(x$fpl$usenofp)
    asc2_1206                                0x0800f152   Data        1140  lcd.o(.constdata)
    asc2_1608                                0x0800f5c6   Data        1520  lcd.o(.constdata)
    asc2_2412                                0x0800fbb6   Data        3420  lcd.o(.constdata)
    FT5206_TPX_TBL                           0x08010912   Data          10  ft5206.o(.constdata)
    GT9147_CFG_TBL                           0x0801091c   Data         184  gt9147.o(.constdata)
    GT9147_TPX_TBL                           0x080109d4   Data          10  gt9147.o(.constdata)
    OTT_TPX_TBL                              0x080109de   Data          10  ott2001a.o(.constdata)
    TP_ADJDIS_TBL                            0x080109e8   Data          12  touch.o(.constdata)
    Region$$Table$$Base                      0x0801123c   Number         0  anon$$obj.o(Region$$Table)
    Region$$Table$$Limit                     0x0801125c   Number         0  anon$$obj.o(Region$$Table)
    touch_x1                                 0x20000000   Data           2  main.o(.data)
    touch_x2                                 0x20000002   Data           2  main.o(.data)
    touch_y1                                 0x20000004   Data           2  main.o(.data)
    touch_y2                                 0x20000006   Data           2  main.o(.data)
    P_max                                    0x20000008   Data           2  main.o(.data)
    P_min                                    0x2000000a   Data           2  main.o(.data)
    V_max                                    0x2000000c   Data           2  main.o(.data)
    V_min                                    0x2000000e   Data           2  main.o(.data)
    SystemCoreClock                          0x20000010   Data           4  system_stm32f10x.o(.data)
    AHBPrescTable                            0x20000014   Data          16  system_stm32f10x.o(.data)
    POINT_COLOR                              0x20000024   Data           2  lcd.o(.data)
    BACK_COLOR                               0x20000026   Data           2  lcd.o(.data)
    SPI_FLASH_TYPE                           0x2000002a   Data           2  flash.o(.data)
    SD_Type                                  0x2000002c   Data           1  mmc_sd.o(.data)
    tp_dev                                   0x20000030   Data          52  touch.o(.data)
    CMD_RDX                                  0x20000064   Data           1  touch.o(.data)
    CMD_RDY                                  0x20000065   Data           1  touch.o(.data)
    TP_REMIND_MSG_TBL                        0x20000068   Data           4  touch.o(.data)
    __stdout                                 0x20000070   Data           4  usart.o(.data)
    USART_RX_STA                             0x20000074   Data           2  usart.o(.data)
    mallco_dev                               0x2000008c   Data          20  malloc.o(.data)
    sys_cmd_tab                              0x200000a0   Data          28  usmart.o(.data)
    usmart_nametab                           0x200000bc   Data         208  usmart_config.o(.data)
    usmart_dev                               0x2000018c   Data         244  usmart_config.o(.data)
    FILE_TYPE_TBL                            0x20000280   Data         312  exfuns.o(.data)
    fs                                       0x200003b8   Data           8  exfuns.o(.data)
    file                                     0x200003c0   Data           4  exfuns.o(.data)
    ftemp                                    0x200003c4   Data           4  exfuns.o(.data)
    br                                       0x200003c8   Data           4  exfuns.o(.data)
    bw                                       0x200003cc   Data           4  exfuns.o(.data)
    fatbuf                                   0x200003d0   Data           4  exfuns.o(.data)
    FLASH_SECTOR_COUNT                       0x200003d4   Data           2  diskio.o(.data)
    GBK24_PATH                               0x200003e4   Data           4  fontupd.o(.data)
    GBK16_PATH                               0x200003e8   Data           4  fontupd.o(.data)
    GBK12_PATH                               0x200003ec   Data           4  fontupd.o(.data)
    UNIGBK_PATH                              0x200003f0   Data           4  fontupd.o(.data)
    lcddev                                   0x200003f4   Data          14  lcd.o(.bss)
    SPI_InitStructure                        0x20000402   Data          18  spi.o(.bss)
    USART_RX_BUF                             0x20000414   Data         200  usart.o(.bss)
    membase                                  0x200004dc   Data       35840  malloc.o(.bss)
    memmapbase                               0x200090dc   Data        2240  malloc.o(.bss)
    fileinfo                                 0x2000999c   Data          32  exfuns.o(.bss)
    dir                                      0x200099bc   Data          36  exfuns.o(.bss)
    ftinfo                                   0x200099e0   Data          33  fontupd.o(.bss)
    __libspace_start                         0x20009a04   Data          96  libspace.o(.bss)
    __temporary_stack_top$libspace           0x20009a64   Data           0  libspace.o(.bss)



==============================================================================

Memory Map of the image

  Image Entry point : 0x08000131

  Load Region LR_IROM1 (Base: 0x08000000, Size: 0x00011650, Max: 0x00040000, ABSOLUTE, COMPRESSED[0x000113dc])

    Execution Region ER_IROM1 (Base: 0x08000000, Size: 0x0001125c, Max: 0x00040000, ABSOLUTE)

    Base Addr    Size         Type   Attr      Idx    E Section Name        Object

    0x08000000   0x00000130   Data   RO          522    RESET               startup_stm32f10x_hd.o
    0x08000130   0x00000008   Code   RO          887  * !!!main             c_w.l(__main.o)
    0x08000138   0x00000034   Code   RO         1141    !!!scatter          c_w.l(__scatter.o)
    0x0800016c   0x0000005a   Code   RO         1139    !!dczerorl2         c_w.l(__dczerorl2.o)
    0x080001c6   0x00000002   PAD
    0x080001c8   0x0000001c   Code   RO         1143    !!handler_zi        c_w.l(__scatter_zi.o)
    0x080001e4   0x00000000   Code   RO          878    .ARM.Collect$$_printf_percent$$00000000  c_w.l(_printf_percent.o)
    0x080001e4   0x00000006   Code   RO          876    .ARM.Collect$$_printf_percent$$00000009  c_w.l(_printf_d.o)
    0x080001ea   0x00000006   Code   RO          877    .ARM.Collect$$_printf_percent$$0000000A  c_w.l(_printf_u.o)
    0x080001f0   0x00000006   Code   RO          875    .ARM.Collect$$_printf_percent$$0000000C  c_w.l(_printf_x.o)
    0x080001f6   0x00000006   Code   RO          873    .ARM.Collect$$_printf_percent$$00000013  c_w.l(_printf_c.o)
    0x080001fc   0x00000006   Code   RO          874    .ARM.Collect$$_printf_percent$$00000014  c_w.l(_printf_s.o)
    0x08000202   0x00000004   Code   RO          960    .ARM.Collect$$_printf_percent$$00000017  c_w.l(_printf_percent_end.o)
    0x08000206   0x00000002   Code   RO         1016    .ARM.Collect$$libinit$$00000000  c_w.l(libinit.o)
    0x08000208   0x00000000   Code   RO         1020    .ARM.Collect$$libinit$$00000002  c_w.l(libinit2.o)
    0x08000208   0x00000000   Code   RO         1022    .ARM.Collect$$libinit$$00000004  c_w.l(libinit2.o)
    0x08000208   0x00000000   Code   RO         1025    .ARM.Collect$$libinit$$0000000A  c_w.l(libinit2.o)
    0x08000208   0x00000000   Code   RO         1027    .ARM.Collect$$libinit$$0000000C  c_w.l(libinit2.o)
    0x08000208   0x00000000   Code   RO         1029    .ARM.Collect$$libinit$$0000000E  c_w.l(libinit2.o)
    0x08000208   0x00000000   Code   RO         1032    .ARM.Collect$$libinit$$00000011  c_w.l(libinit2.o)
    0x08000208   0x00000000   Code   RO         1034    .ARM.Collect$$libinit$$00000013  c_w.l(libinit2.o)
    0x08000208   0x00000000   Code   RO         1036    .ARM.Collect$$libinit$$00000015  c_w.l(libinit2.o)
    0x08000208   0x00000000   Code   RO         1038    .ARM.Collect$$libinit$$00000017  c_w.l(libinit2.o)
    0x08000208   0x00000000   Code   RO         1040    .ARM.Collect$$libinit$$00000019  c_w.l(libinit2.o)
    0x08000208   0x00000000   Code   RO         1042    .ARM.Collect$$libinit$$0000001B  c_w.l(libinit2.o)
    0x08000208   0x00000000   Code   RO         1044    .ARM.Collect$$libinit$$0000001D  c_w.l(libinit2.o)
    0x08000208   0x00000000   Code   RO         1046    .ARM.Collect$$libinit$$0000001F  c_w.l(libinit2.o)
    0x08000208   0x00000000   Code   RO         1048    .ARM.Collect$$libinit$$00000021  c_w.l(libinit2.o)
    0x08000208   0x00000000   Code   RO         1050    .ARM.Collect$$libinit$$00000023  c_w.l(libinit2.o)
    0x08000208   0x00000000   Code   RO         1052    .ARM.Collect$$libinit$$00000025  c_w.l(libinit2.o)
    0x08000208   0x00000000   Code   RO         1056    .ARM.Collect$$libinit$$0000002C  c_w.l(libinit2.o)
    0x08000208   0x00000000   Code   RO         1058    .ARM.Collect$$libinit$$0000002E  c_w.l(libinit2.o)
    0x08000208   0x00000000   Code   RO         1060    .ARM.Collect$$libinit$$00000030  c_w.l(libinit2.o)
    0x08000208   0x00000000   Code   RO         1062    .ARM.Collect$$libinit$$00000032  c_w.l(libinit2.o)
    0x08000208   0x00000002   Code   RO         1063    .ARM.Collect$$libinit$$00000033  c_w.l(libinit2.o)
    0x0800020a   0x00000002   Code   RO         1081    .ARM.Collect$$libshutdown$$00000000  c_w.l(libshutdown.o)
    0x0800020c   0x00000000   Code   RO         1091    .ARM.Collect$$libshutdown$$00000002  c_w.l(libshutdown2.o)
    0x0800020c   0x00000000   Code   RO         1093    .ARM.Collect$$libshutdown$$00000004  c_w.l(libshutdown2.o)
    0x0800020c   0x00000000   Code   RO         1096    .ARM.Collect$$libshutdown$$00000007  c_w.l(libshutdown2.o)
    0x0800020c   0x00000000   Code   RO         1099    .ARM.Collect$$libshutdown$$0000000A  c_w.l(libshutdown2.o)
    0x0800020c   0x00000000   Code   RO         1101    .ARM.Collect$$libshutdown$$0000000C  c_w.l(libshutdown2.o)
    0x0800020c   0x00000000   Code   RO         1104    .ARM.Collect$$libshutdown$$0000000F  c_w.l(libshutdown2.o)
    0x0800020c   0x00000002   Code   RO         1105    .ARM.Collect$$libshutdown$$00000010  c_w.l(libshutdown2.o)
    0x0800020e   0x00000000   Code   RO          951    .ARM.Collect$$rtentry$$00000000  c_w.l(__rtentry.o)
    0x0800020e   0x00000000   Code   RO          977    .ARM.Collect$$rtentry$$00000002  c_w.l(__rtentry2.o)
    0x0800020e   0x00000006   Code   RO          989    .ARM.Collect$$rtentry$$00000004  c_w.l(__rtentry4.o)
    0x08000214   0x00000000   Code   RO          979    .ARM.Collect$$rtentry$$00000009  c_w.l(__rtentry2.o)
    0x08000214   0x00000004   Code   RO          980    .ARM.Collect$$rtentry$$0000000A  c_w.l(__rtentry2.o)
    0x08000218   0x00000000   Code   RO          982    .ARM.Collect$$rtentry$$0000000C  c_w.l(__rtentry2.o)
    0x08000218   0x00000008   Code   RO          983    .ARM.Collect$$rtentry$$0000000D  c_w.l(__rtentry2.o)
    0x08000220   0x00000002   Code   RO         1017    .ARM.Collect$$rtexit$$00000000  c_w.l(rtexit.o)
    0x08000222   0x00000000   Code   RO         1065    .ARM.Collect$$rtexit$$00000002  c_w.l(rtexit2.o)
    0x08000222   0x00000004   Code   RO         1066    .ARM.Collect$$rtexit$$00000003  c_w.l(rtexit2.o)
    0x08000226   0x00000006   Code   RO         1067    .ARM.Collect$$rtexit$$00000004  c_w.l(rtexit2.o)
    0x0800022c   0x00001008   Code   RO            1    .text               main.o
    0x08001234   0x0000001a   Code   RO          161    .text               stm32f10x_it.o
    0x0800124e   0x00000002   PAD
    0x08001250   0x000001e0   Code   RO          199    .text               system_stm32f10x.o
    0x08001430   0x00000050   Code   RO          217    .text               led.o
    0x08001480   0x000023c0   Code   RO          229    .text               lcd.o
    0x08003840   0x000000fc   Code   RO          259    .text               key.o
    0x0800393c   0x000000e8   Code   RO          272    .text               spi.o
    0x08003a24   0x00000358   Code   RO          290    .text               flash.o
    0x08003d7c   0x00000524   Code   RO          312    .text               mmc_sd.o
    0x080042a0   0x0000017a   Code   RO          330    .text               24cxx.o
    0x0800441a   0x00000002   PAD
    0x0800441c   0x00000258   Code   RO          342    .text               myiic.o
    0x08004674   0x00000260   Code   RO          354    .text               ctiic.o
    0x080048d4   0x00000334   Code   RO          369    .text               ft5206.o
    0x08004c08   0x000003e4   Code   RO          388    .text               gt9147.o
    0x08004fec   0x0000036c   Code   RO          404    .text               ott2001a.o
    0x08005358   0x00000ca4   Code   RO          420    .text               touch.o
    0x08005ffc   0x000000fc   Code   RO          444    .text               adc.o
    0x080060f8   0x000000d4   Code   RO          456    .text               delay.o
    0x080061cc   0x00000140   Code   RO          487    .text               usart.o
    0x0800630c   0x00000040   Code   RO          523    .text               startup_stm32f10x_hd.o
    0x0800634c   0x0000035c   Code   RO          527    .text               stm32f10x_gpio.o
    0x080066a8   0x000003a4   Code   RO          539    .text               stm32f10x_rcc.o
    0x08006a4c   0x00000408   Code   RO          553    .text               stm32f10x_usart.o
    0x08006e54   0x000000dc   Code   RO          565    .text               misc.o
    0x08006f30   0x0000030c   Code   RO          577    .text               stm32f10x_spi.o
    0x0800723c   0x00000e1a   Code   RO          589    .text               stm32f10x_tim.o
    0x08008056   0x00000002   PAD
    0x08008058   0x0000044e   Code   RO          601    .text               stm32f10x_adc.o
    0x080084a6   0x00000002   PAD
    0x080084a8   0x000001a0   Code   RO          613    .text               malloc.o
    0x08008648   0x00000c40   Code   RO          633    .text               usmart.o
    0x08009288   0x00000528   Code   RO          665    .text               usmart_str.o
    0x080097b0   0x00000198   Code   RO          677    .text               exfuns.o
    0x08009948   0x000006b8   Code   RO          707    .text               fattester.o
    0x0800a000   0x000001f8   Code   RO          727    .text               diskio.o
    0x0800a1f8   0x00003296   Code   RO          749    .text               ff.o
    0x0800d48e   0x00000002   PAD
    0x0800d490   0x000000cc   Code   RO          767    .text               mycc936.o
    0x0800d55c   0x000003c4   Code   RO          780    .text               fontupd.o
    0x0800d920   0x000002d4   Code   RO          801    .text               text.o
    0x0800dbf4   0x00000002   Code   RO          818    .text               c_w.l(use_no_semi_2.o)
    0x0800dbf6   0x00000002   PAD
    0x0800dbf8   0x00000018   Code   RO          822    .text               c_w.l(noretval__2printf.o)
    0x0800dc10   0x0000004e   Code   RO          826    .text               c_w.l(_printf_pad.o)
    0x0800dc5e   0x00000052   Code   RO          828    .text               c_w.l(_printf_str.o)
    0x0800dcb0   0x00000078   Code   RO          830    .text               c_w.l(_printf_dec.o)
    0x0800dd28   0x00000058   Code   RO          835    .text               c_w.l(_printf_hex_int.o)
    0x0800dd80   0x00000188   Code   RO          870    .text               c_w.l(__printf_flags_ss_wp.o)
    0x0800df08   0x00000048   Code   RO          879    .text               c_w.l(strcpy.o)
    0x0800df50   0x0000003e   Code   RO          881    .text               c_w.l(strlen.o)
    0x0800df8e   0x00000002   PAD
    0x0800df90   0x00000080   Code   RO          883    .text               c_w.l(strcmpv7m.o)
    0x0800e010   0x00000006   Code   RO          885    .text               c_w.l(heapauxi.o)
    0x0800e016   0x00000002   Code   RO          949    .text               c_w.l(use_no_semi.o)
    0x0800e018   0x00000016   Code   RO          952    .text               c_w.l(_rserrno.o)
    0x0800e02e   0x000000b2   Code   RO          954    .text               c_w.l(_printf_intcommon.o)
    0x0800e0e0   0x0000002c   Code   RO          956    .text               c_w.l(_printf_char.o)
    0x0800e10c   0x00000024   Code   RO          958    .text               c_w.l(_printf_char_file.o)
    0x0800e130   0x00000008   Code   RO          994    .text               c_w.l(rt_errno_addr_intlibspace.o)
    0x0800e138   0x00000030   Code   RO          996    .text               c_w.l(_printf_char_common.o)
    0x0800e168   0x00000008   Code   RO          998    .text               c_w.l(ferror.o)
    0x0800e170   0x00000008   Code   RO         1002    .text               c_w.l(libspace.o)
    0x0800e178   0x0000004a   Code   RO         1005    .text               c_w.l(sys_stackheap_outer.o)
    0x0800e1c2   0x00000012   Code   RO         1009    .text               c_w.l(exit.o)
    0x0800e1d4   0x0000000e   Code   RO          863    i._is_digit         c_w.l(__printf_wp.o)
    0x0800e1e2   0x0000004c   Code   RO          942    i.sqrt              m_ws.l(sqrt.o)
    0x0800e22e   0x00000002   PAD
    0x0800e230   0x00000150   Code   RO          889    x$fpl$dadd          fz_ws.l(daddsub_clz.o)
    0x0800e380   0x00000018   Code   RO          961    x$fpl$dcmpinf       fz_ws.l(dcmpi.o)
    0x0800e398   0x0000005a   Code   RO          895    x$fpl$dfixu         fz_ws.l(dfixu.o)
    0x0800e3f2   0x0000002e   Code   RO          900    x$fpl$dflt          fz_ws.l(dflt_clz.o)
    0x0800e420   0x00000026   Code   RO          899    x$fpl$dfltu         fz_ws.l(dflt_clz.o)
    0x0800e446   0x00000002   PAD
    0x0800e448   0x00000078   Code   RO          905    x$fpl$dleqf         fz_ws.l(dleqf.o)
    0x0800e4c0   0x00000154   Code   RO          907    x$fpl$dmul          fz_ws.l(dmul.o)
    0x0800e614   0x0000009c   Code   RO          963    x$fpl$dnaninf       fz_ws.l(dnaninf.o)
    0x0800e6b0   0x0000000c   Code   RO          965    x$fpl$dretinf       fz_ws.l(dretinf.o)
    0x0800e6bc   0x0000006c   Code   RO          909    x$fpl$drleqf        fz_ws.l(drleqf.o)
    0x0800e728   0x00000016   Code   RO          890    x$fpl$drsb          fz_ws.l(daddsub_clz.o)
    0x0800e73e   0x00000002   PAD
    0x0800e740   0x000001cc   Code   RO          967    x$fpl$dsqrt         fz_ws.l(dsqrt_noumaal.o)
    0x0800e90c   0x000001d4   Code   RO          891    x$fpl$dsub          fz_ws.l(daddsub_clz.o)
    0x0800eae0   0x00000056   Code   RO          911    x$fpl$f2d           fz_ws.l(f2d.o)
    0x0800eb36   0x00000002   PAD
    0x0800eb38   0x000000c4   Code   RO          913    x$fpl$fadd          fz_ws.l(faddsub_clz.o)
    0x0800ebfc   0x00000018   Code   RO          969    x$fpl$fcmpinf       fz_ws.l(fcmpi.o)
    0x0800ec14   0x00000184   Code   RO          920    x$fpl$fdiv          fz_ws.l(fdiv.o)
    0x0800ed98   0x00000068   Code   RO          923    x$fpl$feqf          fz_ws.l(feqf.o)
    0x0800ee00   0x00000036   Code   RO          925    x$fpl$ffix          fz_ws.l(ffix.o)
    0x0800ee36   0x00000002   PAD
    0x0800ee38   0x0000003e   Code   RO          929    x$fpl$ffixu         fz_ws.l(ffixu.o)
    0x0800ee76   0x00000002   PAD
    0x0800ee78   0x00000030   Code   RO          934    x$fpl$fflt          fz_ws.l(fflt_clz.o)
    0x0800eea8   0x00000026   Code   RO          933    x$fpl$ffltu         fz_ws.l(fflt_clz.o)
    0x0800eece   0x00000002   PAD
    0x0800eed0   0x00000102   Code   RO          939    x$fpl$fmul          fz_ws.l(fmul.o)
    0x0800efd2   0x0000008c   Code   RO          971    x$fpl$fnaninf       fz_ws.l(fnaninf.o)
    0x0800f05e   0x0000000a   Code   RO          973    x$fpl$fretinf       fz_ws.l(fretinf.o)
    0x0800f068   0x000000ea   Code   RO          915    x$fpl$fsub          fz_ws.l(faddsub_clz.o)
    0x0800f152   0x00000000   Code   RO          975    x$fpl$usenofp       fz_ws.l(usenofp.o)
    0x0800f152   0x000017c0   Data   RO          231    .constdata          lcd.o
    0x08010912   0x0000000a   Data   RO          370    .constdata          ft5206.o
    0x0801091c   0x000000c2   Data   RO          389    .constdata          gt9147.o
    0x080109de   0x0000000a   Data   RO          405    .constdata          ott2001a.o
    0x080109e8   0x0000000c   Data   RO          421    .constdata          touch.o
    0x080109f4   0x0000003a   Data   RO          750    .constdata          ff.o
    0x08010a2e   0x000003c0   Data   RO          768    .constdata          mycc936.o
    0x08010dee   0x00000028   Data   RO          836    .constdata          c_w.l(_printf_hex_int.o)
    0x08010e16   0x00000011   Data   RO          871    .constdata          c_w.l(__printf_flags_ss_wp.o)
    0x08010e27   0x00000001   PAD
    0x08010e28   0x00000079   Data   RO          422    .conststring        touch.o
    0x08010ea1   0x00000003   PAD
    0x08010ea4   0x00000028   Data   RO          634    .conststring        usmart.o
    0x08010ecc   0x00000299   Data   RO          649    .conststring        usmart_config.o
    0x08011165   0x00000003   PAD
    0x08011168   0x00000064   Data   RO          679    .conststring        exfuns.o
    0x080111cc   0x0000006d   Data   RO          782    .conststring        fontupd.o
    0x08011239   0x00000003   PAD
    0x0801123c   0x00000020   Data   RO         1137    Region$$Table       anon$$obj.o


    Execution Region RW_IRAM1 (Base: 0x20000000, Size: 0x0000a068, Max: 0x0000c000, ABSOLUTE, COMPRESSED[0x00000180])

    Base Addr    Size         Type   Attr      Idx    E Section Name        Object

    0x20000000   0x00000010   Data   RW            2    .data               main.o
    0x20000010   0x00000014   Data   RW          200    .data               system_stm32f10x.o
    0x20000024   0x00000004   Data   RW          232    .data               lcd.o
    0x20000028   0x00000001   Data   RW          260    .data               key.o
    0x20000029   0x00000001   PAD
    0x2000002a   0x00000002   Data   RW          291    .data               flash.o
    0x2000002c   0x00000001   Data   RW          313    .data               mmc_sd.o
    0x2000002d   0x00000001   Data   RW          371    .data               ft5206.o
    0x2000002e   0x00000001   Data   RW          390    .data               gt9147.o
    0x2000002f   0x00000001   Data   RW          406    .data               ott2001a.o
    0x20000030   0x0000003c   Data   RW          423    .data               touch.o
    0x2000006c   0x00000004   Data   RW          457    .data               delay.o
    0x20000070   0x00000006   Data   RW          489    .data               usart.o
    0x20000076   0x00000014   Data   RW          540    .data               stm32f10x_rcc.o
    0x2000008a   0x00000002   PAD
    0x2000008c   0x00000014   Data   RW          616    .data               malloc.o
    0x200000a0   0x0000001c   Data   RW          635    .data               usmart.o
    0x200000bc   0x000001c4   Data   RW          650    .data               usmart_config.o
    0x20000280   0x00000154   Data   RW          680    .data               exfuns.o
    0x200003d4   0x00000002   Data   RW          728    .data               diskio.o
    0x200003d6   0x00000002   PAD
    0x200003d8   0x0000000a   Data   RW          751    .data               ff.o
    0x200003e2   0x00000002   PAD
    0x200003e4   0x00000010   Data   RW          783    .data               fontupd.o
    0x200003f4   0x0000000e   Zero   RW          230    .bss                lcd.o
    0x20000402   0x00000012   Zero   RW          273    .bss                spi.o
    0x20000414   0x000000c8   Zero   RW          488    .bss                usart.o
    0x200004dc   0x000094c0   Zero   RW          614    .bss                malloc.o
    0x2000999c   0x00000044   Zero   RW          678    .bss                exfuns.o
    0x200099e0   0x00000021   Zero   RW          781    .bss                fontupd.o
    0x20009a01   0x00000003   PAD
    0x20009a04   0x00000060   Zero   RW         1003    .bss                c_w.l(libspace.o)
    0x20009a64   0x00000004   PAD
    0x20009a68   0x00000200   Zero   RW          521    HEAP                startup_stm32f10x_hd.o
    0x20009c68   0x00000400   Zero   RW          520    STACK               startup_stm32f10x_hd.o


==============================================================================

Image component sizes


      Code (inc. data)   RO Data    RW Data    ZI Data      Debug   Object Name

       378          0          0          0          0       2982   24cxx.o
       252          8          0          0          0       1203   adc.o
       608         18          0          0          0       2113   ctiic.o
       212         18          0          4          0       1219   delay.o
       504         12          0          2          0       4690   diskio.o
       408         20        100        340         68       5564   exfuns.o
      1720        690          0          0          0       6028   fattester.o
     12950        138         58         10          0      35846   ff.o
       856         16          0          2          0       4871   flash.o
       964        126        109         16         33       3952   fontupd.o
       820         36         10          1          0       2803   ft5206.o
       996         70        194          1          0       3206   gt9147.o
       252         16          0          1          0        928   key.o
      9152        178       6080          4         14      18335   lcd.o
        80          8          0          0          0        587   led.o
      4104        328          0         16          0     273348   main.o
       416          6          0         20      38080       4345   malloc.o
       220         22          0          0          0       1977   misc.o
      1316         16          0          1          0       6122   mmc_sd.o
       204         12        960          0          0       1789   mycc936.o
       600         12          0          0          0       1964   myiic.o
       876         56         10          1          0       2963   ott2001a.o
       232         12          0          0         18       1481   spi.o
        64         26        304          0       1536        856   startup_stm32f10x_hd.o
      1102         26          0          0          0      11217   stm32f10x_adc.o
       860         38          0          0          0       5909   stm32f10x_gpio.o
        26          0          0          0          0       1270   stm32f10x_it.o
       932         36          0         20          0       9176   stm32f10x_rcc.o
       780         14          0          0          0       6790   stm32f10x_spi.o
      3610         88          0          0          0      23016   stm32f10x_tim.o
      1032         22          0          0          0       8636   stm32f10x_usart.o
         0          0          0          0          0         32   sys.o
       480         38          0         20          0       2007   system_stm32f10x.o
       724         16          0          0          0       3264   text.o
      3236        202        133         60          0       7087   touch.o
       320         18          0          6        200       3398   usart.o
      3136       1288         40         28          0       4594   usmart.o
         0          0        665        452          0       1868   usmart_config.o
      1320         12          0          0          0       5405   usmart_str.o

    ----------------------------------------------------------------------
     55752       3642       8704       1012      39952     482841   Object Totals
         0          0         32          0          0          0   (incl. Generated)
        10          0          9          7          3          0   (incl. Padding)

    ----------------------------------------------------------------------

      Code (inc. data)   RO Data    RW Data    ZI Data      Debug   Library Member Name

        90          0          0          0          0          0   __dczerorl2.o
         8          0          0          0          0         68   __main.o
       392          4         17          0          0         92   __printf_flags_ss_wp.o
        14          0          0          0          0         68   __printf_wp.o
         0          0          0          0          0          0   __rtentry.o
        12          0          0          0          0          0   __rtentry2.o
         6          0          0          0          0          0   __rtentry4.o
        52          8          0          0          0          0   __scatter.o
        28          0          0          0          0          0   __scatter_zi.o
         6          0          0          0          0          0   _printf_c.o
        44          0          0          0          0        108   _printf_char.o
        48          6          0          0          0         96   _printf_char_common.o
        36          4          0          0          0         80   _printf_char_file.o
         6          0          0          0          0          0   _printf_d.o
       120         16          0          0          0         92   _printf_dec.o
        88          4         40          0          0         88   _printf_hex_int.o
       178          0          0          0          0         88   _printf_intcommon.o
        78          0          0          0          0        108   _printf_pad.o
         0          0          0          0          0          0   _printf_percent.o
         4          0          0          0          0          0   _printf_percent_end.o
         6          0          0          0          0          0   _printf_s.o
        82          0          0          0          0         80   _printf_str.o
         6          0          0          0          0          0   _printf_u.o
         6          0          0          0          0          0   _printf_x.o
        22          0          0          0          0        100   _rserrno.o
        18          0          0          0          0         80   exit.o
         8          0          0          0          0         68   ferror.o
         6          0          0          0          0        152   heapauxi.o
         2          0          0          0          0          0   libinit.o
         2          0          0          0          0          0   libinit2.o
         2          0          0          0          0          0   libshutdown.o
         2          0          0          0          0          0   libshutdown2.o
         8          4          0          0         96         68   libspace.o
        24          4          0          0          0         84   noretval__2printf.o
         8          4          0          0          0         68   rt_errno_addr_intlibspace.o
         2          0          0          0          0          0   rtexit.o
        10          0          0          0          0          0   rtexit2.o
       128          0          0          0          0         68   strcmpv7m.o
        72          0          0          0          0         80   strcpy.o
        62          0          0          0          0         76   strlen.o
        74          0          0          0          0         80   sys_stackheap_outer.o
         2          0          0          0          0         68   use_no_semi.o
         2          0          0          0          0         68   use_no_semi_2.o
       826         16          0          0          0        348   daddsub_clz.o
        24          0          0          0          0         68   dcmpi.o
        90          4          0          0          0         92   dfixu.o
        84          0          0          0          0        136   dflt_clz.o
       120          4          0          0          0         92   dleqf.o
       340         12          0          0          0        104   dmul.o
       156          4          0          0          0         92   dnaninf.o
        12          0          0          0          0         68   dretinf.o
       108          0          0          0          0         80   drleqf.o
       460         56          0          0          0        120   dsqrt_noumaal.o
        86          4          0          0          0         84   f2d.o
       430          8          0          0          0        168   faddsub_clz.o
        24          0          0          0          0         68   fcmpi.o
       388         76          0          0          0         96   fdiv.o
       104          4          0          0          0         84   feqf.o
        54          4          0          0          0         84   ffix.o
        62          4          0          0          0         84   ffixu.o
        86          0          0          0          0        136   fflt_clz.o
       258          4          0          0          0         84   fmul.o
       140          4          0          0          0         84   fnaninf.o
        10          0          0          0          0         68   fretinf.o
         0          0          0          0          0          0   usenofp.o
        76          0          0          0          0         84   sqrt.o

    ----------------------------------------------------------------------
      5722        258         58          0        100       4352   Library Totals
        20          0          1          0          4          0   (incl. Padding)

    ----------------------------------------------------------------------

      Code (inc. data)   RO Data    RW Data    ZI Data      Debug   Library Name

      1764         54         57          0         96       2028   c_w.l
      3862        204          0          0          0       2240   fz_ws.l
        76          0          0          0          0         84   m_ws.l

    ----------------------------------------------------------------------
      5722        258         58          0        100       4352   Library Totals

    ----------------------------------------------------------------------

==============================================================================


      Code (inc. data)   RO Data    RW Data    ZI Data      Debug   

     61474       3900       8762       1012      40052     481729   Grand Totals
     61474       3900       8762        384      40052     481729   ELF Image Totals (compressed)
     61474       3900       8762        384          0          0   ROM Totals

==============================================================================

    Total RO  Size (Code + RO Data)                70236 (  68.59kB)
    Total RW  Size (RW Data + ZI Data)             41064 (  40.10kB)
    Total ROM Size (Code + RO Data + RW Data)      70620 (  68.96kB)

==============================================================================

